Component: ARM Compiler 5.06 update 7 (build 960) Tool: armlink [4d3601]

==============================================================================

Section Cross References

    startup_gw1ns4c.o(STACK) refers (Special) to heapauxi.o(.text) for __use_two_region_memory
    startup_gw1ns4c.o(HEAP) refers (Special) to heapauxi.o(.text) for __use_two_region_memory
    startup_gw1ns4c.o(RESET) refers (Special) to heapauxi.o(.text) for __use_two_region_memory
    startup_gw1ns4c.o(RESET) refers to startup_gw1ns4c.o(STACK) for __initial_sp
    startup_gw1ns4c.o(RESET) refers to startup_gw1ns4c.o(.text) for Reset_Handler
    startup_gw1ns4c.o(.text) refers (Special) to heapauxi.o(.text) for __use_two_region_memory
    startup_gw1ns4c.o(.text) refers to system_gw1ns4c.o(i.SystemInit) for SystemInit
    startup_gw1ns4c.o(.text) refers to __main.o(!!!main) for __main
    startup_gw1ns4c.o(.text) refers to startup_gw1ns4c.o(HEAP) for Heap_Mem
    startup_gw1ns4c.o(.text) refers to startup_gw1ns4c.o(STACK) for Stack_Mem
    system_gw1ns4c.o(i.SystemCoreClockUpdate) refers to system_gw1ns4c.o(.data) for SystemCoreClock
    system_gw1ns4c.o(i.SystemInit) refers to system_gw1ns4c.o(.data) for SystemCoreClock
    gw1ns4c_i2c.o(i.Delay_ms_i2c) refers to system_gw1ns4c.o(.data) for SystemCoreClock
    gw1ns4c_i2c.o(i.I2C_Init) refers to gw1ns4c_i2c.o(i.I2C_Enable) for I2C_Enable
    gw1ns4c_i2c.o(i.I2C_Init) refers to gw1ns4c_i2c.o(i.I2C_Rate_Set) for I2C_Rate_Set
    gw1ns4c_i2c.o(i.I2C_Rate_Set) refers to system_gw1ns4c.o(.data) for SystemCoreClock
    gw1ns4c_i2c.o(i.I2C_ReadBytes) refers to gw1ns4c_i2c.o(i.I2C_ReceiveByte) for I2C_ReceiveByte
    gw1ns4c_i2c.o(i.I2C_ReceiveByte) refers to gw1ns4c_i2c.o(i.Delay_ms_i2c) for Delay_ms_i2c
    gw1ns4c_i2c.o(i.I2C_SendByte) refers to gw1ns4c_i2c.o(i.Delay_ms_i2c) for Delay_ms_i2c
    gw1ns4c_i2c.o(i.I2C_SendBytes) refers to gw1ns4c_i2c.o(i.I2C_SendByte) for I2C_SendByte
    gw1ns4c_i2c.o(i.I2C_SendData) refers to gw1ns4c_i2c.o(i.Delay_ms_i2c) for Delay_ms_i2c
    gw1ns4c_rtc.o(i.RTC_init) refers to gw1ns4c_rtc.o(i.Set_Match_Value) for Set_Match_Value
    gw1ns4c_rtc.o(i.RTC_init) refers to gw1ns4c_rtc.o(i.Set_Load_Value) for Set_Load_Value
    gw1ns4c_rtc.o(i.RTC_init) refers to gw1ns4c_rtc.o(i.RTC_Inter_Mask_Set) for RTC_Inter_Mask_Set
    gw1ns4c_rtc.o(i.RTC_init) refers to gw1ns4c_rtc.o(i.Start_RTC) for Start_RTC
    gw1ns4c_spi.o(i.SPI_ReadData) refers to gw1ns4c_spi.o(i.SPI_ReadWriteByte) for SPI_ReadWriteByte
    gw1ns4c_spi.o(i.SPI_WriteData) refers to gw1ns4c_spi.o(i.SPI_ReadWriteByte) for SPI_ReadWriteByte
    gw1ns4c_uart.o(i.UART_Init) refers to system_gw1ns4c.o(.data) for PCLK1
    gw1ns4c_uart.o(i.UART_SendString) refers to gw1ns4c_uart.o(i.UART_SendChar) for UART_SendChar
    main.o(i.UartInit) refers to gw1ns4c_uart.o(i.UART_Init) for UART_Init
    main.o(i.delay_ms) refers to system_gw1ns4c.o(.data) for SystemCoreClock
    main.o(i.main) refers to _printf_percent.o(.ARM.Collect$$_printf_percent$$00000000) for _printf_percent
    main.o(i.main) refers to _printf_x.o(.ARM.Collect$$_printf_percent$$0000000C) for _printf_x
    main.o(i.main) refers to _printf_hex_int.o(.text) for _printf_longlong_hex
    main.o(i.main) refers to system_gw1ns4c.o(i.SystemInit) for SystemInit
    main.o(i.main) refers to main.o(i.UartInit) for UartInit
    main.o(i.main) refers to ahb_led.o(i.setData) for setData
    main.o(i.main) refers to noretval__2snprintf.o(.text) for __2snprintf
    main.o(i.main) refers to gw1ns4c_uart.o(i.UART_SendString) for UART_SendString
    main.o(i.main) refers to main.o(i.delay_ms) for delay_ms
    main.o(i.main) refers to ahb_led.o(i.getData) for getData
    main.o(i.main) refers to main.o(.data) for counter
    main.o(i.main) refers to main.o(.bss) for messageBuff
    __2snprintf.o(.text) refers to _printf_char_common.o(.text) for _printf_char_common
    __2snprintf.o(.text) refers to _sputc.o(.text) for _sputc
    __2snprintf.o(.text) refers to _snputc.o(.text) for _snputc
    noretval__2snprintf.o(.text) refers to _printf_char_common.o(.text) for _printf_char_common
    noretval__2snprintf.o(.text) refers to _sputc.o(.text) for _sputc
    noretval__2snprintf.o(.text) refers to _snputc.o(.text) for _snputc
    __printf.o(.text) refers to _printf_percent.o(.ARM.Collect$$_printf_percent$$00000000) for _printf_percent
    _printf_hex_ll.o(.text) refers to _printf_intcommon.o(.text) for _printf_int_common
    _printf_hex_ll.o(.text) refers to _printf_hex_ll.o(.constdata) for .constdata
    _printf_hex_int.o(.text) refers to _printf_intcommon.o(.text) for _printf_int_common
    _printf_hex_int.o(.text) refers to _printf_hex_int.o(.constdata) for .constdata
    _printf_hex_int_ll.o(.text) refers to _printf_intcommon.o(.text) for _printf_int_common
    _printf_hex_int_ll.o(.text) refers to _printf_hex_int_ll.o(.constdata) for .constdata
    _printf_hex_ptr.o(.text) refers to _printf_intcommon.o(.text) for _printf_int_common
    _printf_hex_ptr.o(.text) refers to _printf_hex_ptr.o(.constdata) for .constdata
    _printf_hex_int_ptr.o(.text) refers to _printf_intcommon.o(.text) for _printf_int_common
    _printf_hex_int_ptr.o(.text) refers to _printf_hex_int_ptr.o(.constdata) for .constdata
    _printf_hex_ll_ptr.o(.text) refers to _printf_intcommon.o(.text) for _printf_int_common
    _printf_hex_ll_ptr.o(.text) refers to _printf_hex_ll_ptr.o(.constdata) for .constdata
    _printf_hex_int_ll_ptr.o(.text) refers to _printf_intcommon.o(.text) for _printf_int_common
    _printf_hex_int_ll_ptr.o(.text) refers to _printf_hex_int_ll_ptr.o(.constdata) for .constdata
    __printf_flags.o(.text) refers to _printf_percent.o(.ARM.Collect$$_printf_percent$$00000000) for _printf_percent
    __printf_flags.o(.text) refers to __printf_flags.o(.constdata) for .constdata
    __printf_ss.o(.text) refers to _printf_percent.o(.ARM.Collect$$_printf_percent$$00000000) for _printf_percent
    __printf_flags_ss.o(.text) refers to _printf_percent.o(.ARM.Collect$$_printf_percent$$00000000) for _printf_percent
    __printf_flags_ss.o(.text) refers to __printf_flags_ss.o(.constdata) for .constdata
    __printf_wp.o(.text) refers to __printf_wp.o(i._is_digit) for _is_digit
    __printf_wp.o(.text) refers to _printf_percent.o(.ARM.Collect$$_printf_percent$$00000000) for _printf_percent
    __printf_flags_wp.o(.text) refers to __printf_wp.o(i._is_digit) for _is_digit
    __printf_flags_wp.o(.text) refers to _printf_percent.o(.ARM.Collect$$_printf_percent$$00000000) for _printf_percent
    __printf_flags_wp.o(.text) refers to __printf_flags_wp.o(.constdata) for .constdata
    __printf_ss_wp.o(.text) refers to __printf_wp.o(i._is_digit) for _is_digit
    __printf_ss_wp.o(.text) refers to _printf_percent.o(.ARM.Collect$$_printf_percent$$00000000) for _printf_percent
    __printf_flags_ss_wp.o(.text) refers to __printf_wp.o(i._is_digit) for _is_digit
    __printf_flags_ss_wp.o(.text) refers to _printf_percent.o(.ARM.Collect$$_printf_percent$$00000000) for _printf_percent
    __printf_flags_ss_wp.o(.text) refers to __printf_flags_ss_wp.o(.constdata) for .constdata
    _printf_x.o(.ARM.Collect$$_printf_percent$$0000000C) refers (Weak) to _printf_hex_int.o(.text) for _printf_int_hex
    _printf_percent.o(.ARM.Collect$$_printf_percent$$00000000) refers (Special) to _printf_percent_end.o(.ARM.Collect$$_printf_percent$$00000017) for _printf_percent_end
    __main.o(!!!main) refers to __rtentry.o(.ARM.Collect$$rtentry$$00000000) for __rt_entry
    __rtentry.o(.ARM.Collect$$rtentry$$00000000) refers (Special) to __rtentry2.o(.ARM.Collect$$rtentry$$0000000A) for __rt_entry_li
    __rtentry.o(.ARM.Collect$$rtentry$$00000000) refers (Special) to __rtentry2.o(.ARM.Collect$$rtentry$$0000000D) for __rt_entry_main
    __rtentry.o(.ARM.Collect$$rtentry$$00000000) refers (Special) to __rtentry2.o(.ARM.Collect$$rtentry$$0000000C) for __rt_entry_postli_1
    __rtentry.o(.ARM.Collect$$rtentry$$00000000) refers (Special) to __rtentry2.o(.ARM.Collect$$rtentry$$00000009) for __rt_entry_postsh_1
    __rtentry.o(.ARM.Collect$$rtentry$$00000000) refers (Special) to __rtentry2.o(.ARM.Collect$$rtentry$$00000002) for __rt_entry_presh_1
    __rtentry.o(.ARM.Collect$$rtentry$$00000000) refers (Special) to __rtentry4.o(.ARM.Collect$$rtentry$$00000004) for __rt_entry_sh
    _printf_char_common.o(.text) refers to __printf.o(.text) for __printf
    __rtentry2.o(.ARM.Collect$$rtentry$$00000008) refers to boardinit2.o(.text) for _platform_post_stackheap_init
    __rtentry2.o(.ARM.Collect$$rtentry$$0000000A) refers to libinit.o(.ARM.Collect$$libinit$$00000000) for __rt_lib_init
    __rtentry2.o(.ARM.Collect$$rtentry$$0000000B) refers to boardinit3.o(.text) for _platform_post_lib_init
    __rtentry2.o(.ARM.Collect$$rtentry$$0000000D) refers to main.o(i.main) for main
    __rtentry2.o(.ARM.Collect$$rtentry$$0000000D) refers to exit.o(.text) for exit
    __rtentry2.o(.ARM.exidx) refers to __rtentry2.o(.ARM.Collect$$rtentry$$00000001) for .ARM.Collect$$rtentry$$00000001
    __rtentry2.o(.ARM.exidx) refers to __rtentry2.o(.ARM.Collect$$rtentry$$00000008) for .ARM.Collect$$rtentry$$00000008
    __rtentry2.o(.ARM.exidx) refers to __rtentry2.o(.ARM.Collect$$rtentry$$0000000A) for .ARM.Collect$$rtentry$$0000000A
    __rtentry2.o(.ARM.exidx) refers to __rtentry2.o(.ARM.Collect$$rtentry$$0000000B) for .ARM.Collect$$rtentry$$0000000B
    __rtentry2.o(.ARM.exidx) refers to __rtentry2.o(.ARM.Collect$$rtentry$$0000000D) for .ARM.Collect$$rtentry$$0000000D
    __rtentry4.o(.ARM.Collect$$rtentry$$00000004) refers to sys_stackheap_outer.o(.text) for __user_setup_stackheap
    __rtentry4.o(.ARM.exidx) refers to __rtentry4.o(.ARM.Collect$$rtentry$$00000004) for .ARM.Collect$$rtentry$$00000004
    sys_stackheap_outer.o(.text) refers to libspace.o(.text) for __user_perproc_libspace
    sys_stackheap_outer.o(.text) refers to startup_gw1ns4c.o(.text) for __user_initial_stackheap
    exit.o(.text) refers to rtexit.o(.ARM.Collect$$rtexit$$00000000) for __rt_exit
    libinit.o(.ARM.Collect$$libinit$$00000000) refers (Special) to libinit2.o(.ARM.Collect$$libinit$$0000002E) for __rt_lib_init_alloca_1
    libinit.o(.ARM.Collect$$libinit$$00000000) refers (Special) to libinit2.o(.ARM.Collect$$libinit$$0000002C) for __rt_lib_init_argv_1
    libinit.o(.ARM.Collect$$libinit$$00000000) refers (Special) to libinit2.o(.ARM.Collect$$libinit$$0000001B) for __rt_lib_init_atexit_1
    libinit.o(.ARM.Collect$$libinit$$00000000) refers (Special) to libinit2.o(.ARM.Collect$$libinit$$00000021) for __rt_lib_init_clock_1
    libinit.o(.ARM.Collect$$libinit$$00000000) refers (Special) to libinit2.o(.ARM.Collect$$libinit$$00000032) for __rt_lib_init_cpp_1
    libinit.o(.ARM.Collect$$libinit$$00000000) refers (Special) to libinit2.o(.ARM.Collect$$libinit$$00000030) for __rt_lib_init_exceptions_1
    libinit.o(.ARM.Collect$$libinit$$00000000) refers (Special) to libinit2.o(.ARM.Collect$$libinit$$00000002) for __rt_lib_init_fp_1
    libinit.o(.ARM.Collect$$libinit$$00000000) refers (Special) to libinit2.o(.ARM.Collect$$libinit$$0000001F) for __rt_lib_init_fp_trap_1
    libinit.o(.ARM.Collect$$libinit$$00000000) refers (Special) to libinit2.o(.ARM.Collect$$libinit$$00000023) for __rt_lib_init_getenv_1
    libinit.o(.ARM.Collect$$libinit$$00000000) refers (Special) to libinit2.o(.ARM.Collect$$libinit$$0000000A) for __rt_lib_init_heap_1
    libinit.o(.ARM.Collect$$libinit$$00000000) refers (Special) to libinit2.o(.ARM.Collect$$libinit$$00000011) for __rt_lib_init_lc_collate_1
    libinit.o(.ARM.Collect$$libinit$$00000000) refers (Special) to libinit2.o(.ARM.Collect$$libinit$$00000013) for __rt_lib_init_lc_ctype_1
    libinit.o(.ARM.Collect$$libinit$$00000000) refers (Special) to libinit2.o(.ARM.Collect$$libinit$$00000015) for __rt_lib_init_lc_monetary_1
    libinit.o(.ARM.Collect$$libinit$$00000000) refers (Special) to libinit2.o(.ARM.Collect$$libinit$$00000017) for __rt_lib_init_lc_numeric_1
    libinit.o(.ARM.Collect$$libinit$$00000000) refers (Special) to libinit2.o(.ARM.Collect$$libinit$$00000019) for __rt_lib_init_lc_time_1
    libinit.o(.ARM.Collect$$libinit$$00000000) refers (Special) to libinit2.o(.ARM.Collect$$libinit$$00000004) for __rt_lib_init_preinit_1
    libinit.o(.ARM.Collect$$libinit$$00000000) refers (Special) to libinit2.o(.ARM.Collect$$libinit$$0000000E) for __rt_lib_init_rand_1
    libinit.o(.ARM.Collect$$libinit$$00000000) refers (Special) to libinit2.o(.ARM.Collect$$libinit$$00000033) for __rt_lib_init_return
    libinit.o(.ARM.Collect$$libinit$$00000000) refers (Special) to libinit2.o(.ARM.Collect$$libinit$$0000001D) for __rt_lib_init_signal_1
    libinit.o(.ARM.Collect$$libinit$$00000000) refers (Special) to libinit2.o(.ARM.Collect$$libinit$$00000025) for __rt_lib_init_stdio_1
    libinit.o(.ARM.Collect$$libinit$$00000000) refers (Special) to libinit2.o(.ARM.Collect$$libinit$$0000000C) for __rt_lib_init_user_alloc_1
    libspace.o(.text) refers to libspace.o(.bss) for __libspace_start
    rtexit.o(.ARM.Collect$$rtexit$$00000000) refers (Special) to rtexit2.o(.ARM.Collect$$rtexit$$00000004) for __rt_exit_exit
    rtexit.o(.ARM.Collect$$rtexit$$00000000) refers (Special) to rtexit2.o(.ARM.Collect$$rtexit$$00000003) for __rt_exit_ls
    rtexit.o(.ARM.Collect$$rtexit$$00000000) refers (Special) to rtexit2.o(.ARM.Collect$$rtexit$$00000002) for __rt_exit_prels_1
    rtexit.o(.ARM.exidx) refers (Special) to rtexit2.o(.ARM.Collect$$rtexit$$00000004) for __rt_exit_exit
    rtexit.o(.ARM.exidx) refers (Special) to rtexit2.o(.ARM.Collect$$rtexit$$00000003) for __rt_exit_ls
    rtexit.o(.ARM.exidx) refers (Special) to rtexit2.o(.ARM.Collect$$rtexit$$00000002) for __rt_exit_prels_1
    rtexit.o(.ARM.exidx) refers to rtexit.o(.ARM.Collect$$rtexit$$00000000) for .ARM.Collect$$rtexit$$00000000
    libinit2.o(.ARM.Collect$$libinit$$00000010) refers to libinit2.o(.ARM.Collect$$libinit$$0000000F) for .ARM.Collect$$libinit$$0000000F
    libinit2.o(.ARM.Collect$$libinit$$00000012) refers to libinit2.o(.ARM.Collect$$libinit$$0000000F) for .ARM.Collect$$libinit$$0000000F
    libinit2.o(.ARM.Collect$$libinit$$00000014) refers to libinit2.o(.ARM.Collect$$libinit$$0000000F) for .ARM.Collect$$libinit$$0000000F
    libinit2.o(.ARM.Collect$$libinit$$00000016) refers to libinit2.o(.ARM.Collect$$libinit$$0000000F) for .ARM.Collect$$libinit$$0000000F
    libinit2.o(.ARM.Collect$$libinit$$00000018) refers to libinit2.o(.ARM.Collect$$libinit$$0000000F) for .ARM.Collect$$libinit$$0000000F
    libinit2.o(.ARM.Collect$$libinit$$00000026) refers to argv_veneer.o(.emb_text) for __ARM_argv_veneer
    libinit2.o(.ARM.Collect$$libinit$$00000027) refers to argv_veneer.o(.emb_text) for __ARM_argv_veneer
    rtexit2.o(.ARM.Collect$$rtexit$$00000003) refers to libshutdown.o(.ARM.Collect$$libshutdown$$00000000) for __rt_lib_shutdown
    rtexit2.o(.ARM.Collect$$rtexit$$00000004) refers to sys_exit.o(.text) for _sys_exit
    rtexit2.o(.ARM.exidx) refers to rtexit2.o(.ARM.Collect$$rtexit$$00000001) for .ARM.Collect$$rtexit$$00000001
    rtexit2.o(.ARM.exidx) refers to rtexit2.o(.ARM.Collect$$rtexit$$00000003) for .ARM.Collect$$rtexit$$00000003
    rtexit2.o(.ARM.exidx) refers to rtexit2.o(.ARM.Collect$$rtexit$$00000004) for .ARM.Collect$$rtexit$$00000004
    argv_veneer.o(.emb_text) refers to no_argv.o(.text) for __ARM_get_argv
    sys_exit.o(.text) refers (Special) to use_no_semi.o(.text) for __I$use$semihosting
    sys_exit.o(.text) refers (Special) to indicate_semi.o(.text) for __semihosting_library_function
    _get_argv_nomalloc.o(.text) refers (Special) to hrguard.o(.text) for __heap_region$guard
    _get_argv_nomalloc.o(.text) refers to defsig_rtmem_outer.o(.text) for __rt_SIGRTMEM
    _get_argv_nomalloc.o(.text) refers to sys_command.o(.text) for _sys_command_string
    libshutdown.o(.ARM.Collect$$libshutdown$$00000000) refers (Special) to libshutdown2.o(.ARM.Collect$$libshutdown$$00000004) for __rt_lib_shutdown_cpp_1
    libshutdown.o(.ARM.Collect$$libshutdown$$00000000) refers (Special) to libshutdown2.o(.ARM.Collect$$libshutdown$$00000002) for __rt_lib_shutdown_fini_1
    libshutdown.o(.ARM.Collect$$libshutdown$$00000000) refers (Special) to libshutdown2.o(.ARM.Collect$$libshutdown$$00000009) for __rt_lib_shutdown_fp_trap_1
    libshutdown.o(.ARM.Collect$$libshutdown$$00000000) refers (Special) to libshutdown2.o(.ARM.Collect$$libshutdown$$00000011) for __rt_lib_shutdown_heap_1
    libshutdown.o(.ARM.Collect$$libshutdown$$00000000) refers (Special) to libshutdown2.o(.ARM.Collect$$libshutdown$$00000012) for __rt_lib_shutdown_return
    libshutdown.o(.ARM.Collect$$libshutdown$$00000000) refers (Special) to libshutdown2.o(.ARM.Collect$$libshutdown$$0000000C) for __rt_lib_shutdown_signal_1
    libshutdown.o(.ARM.Collect$$libshutdown$$00000000) refers (Special) to libshutdown2.o(.ARM.Collect$$libshutdown$$00000006) for __rt_lib_shutdown_stdio_1
    libshutdown.o(.ARM.Collect$$libshutdown$$00000000) refers (Special) to libshutdown2.o(.ARM.Collect$$libshutdown$$0000000E) for __rt_lib_shutdown_user_alloc_1
    sys_command.o(.text) refers (Special) to use_no_semi.o(.text) for __I$use$semihosting
    sys_command.o(.text) refers (Special) to indicate_semi.o(.text) for __semihosting_library_function
    defsig_rtmem_outer.o(.text) refers to defsig_rtmem_inner.o(.text) for __rt_SIGRTMEM_inner
    defsig_rtmem_outer.o(.text) refers to defsig_exit.o(.text) for __sig_exit
    defsig_rtmem_formal.o(.text) refers to rt_raise.o(.text) for __rt_raise
    rt_raise.o(.text) refers to __raise.o(.text) for __raise
    rt_raise.o(.text) refers to sys_exit.o(.text) for _sys_exit
    defsig_exit.o(.text) refers to sys_exit.o(.text) for _sys_exit
    defsig_rtmem_inner.o(.text) refers to defsig_general.o(.text) for __default_signal_display
    __raise.o(.text) refers to defsig.o(CL$$defsig) for __default_signal_handler
    defsig_general.o(.text) refers to sys_wrch.o(.text) for _ttywrch
    sys_wrch.o(.text) refers (Special) to use_no_semi.o(.text) for __I$use$semihosting
    sys_wrch.o(.text) refers (Special) to indicate_semi.o(.text) for __semihosting_library_function
    defsig.o(CL$$defsig) refers to defsig_rtmem_inner.o(.text) for __rt_SIGRTMEM_inner
    defsig_abrt_inner.o(.text) refers to defsig_general.o(.text) for __default_signal_display
    defsig_fpe_inner.o(.text) refers to defsig_general.o(.text) for __default_signal_display
    defsig_rtred_inner.o(.text) refers to defsig_general.o(.text) for __default_signal_display
    defsig_stak_inner.o(.text) refers to defsig_general.o(.text) for __default_signal_display
    defsig_pvfn_inner.o(.text) refers to defsig_general.o(.text) for __default_signal_display
    defsig_cppl_inner.o(.text) refers to defsig_general.o(.text) for __default_signal_display
    defsig_segv_inner.o(.text) refers to defsig_general.o(.text) for __default_signal_display
    defsig_other.o(.text) refers to defsig_general.o(.text) for __default_signal_display


==============================================================================

Removing Unused input sections from the image.

    Removing core_cm3.o(.emb_text), (32 bytes).
    Removing system_gw1ns4c.o(i.SystemCoreClockUpdate), (52 bytes).
    Removing gw1ns4c_gpio.o(i.GPIO_ClrAltFunc), (4 bytes).
    Removing gw1ns4c_gpio.o(i.GPIO_ClrIntEnable), (12 bytes).
    Removing gw1ns4c_gpio.o(i.GPIO_ClrOutEnable), (4 bytes).
    Removing gw1ns4c_gpio.o(i.GPIO_GetAltFunc), (6 bytes).
    Removing gw1ns4c_gpio.o(i.GPIO_GetIntStatus), (6 bytes).
    Removing gw1ns4c_gpio.o(i.GPIO_GetOutEnable), (6 bytes).
    Removing gw1ns4c_gpio.o(i.GPIO_Init), (196 bytes).
    Removing gw1ns4c_gpio.o(i.GPIO_IntClear), (8 bytes).
    Removing gw1ns4c_gpio.o(i.GPIO_MaskedWrite), (28 bytes).
    Removing gw1ns4c_gpio.o(i.GPIO_ReadBits), (6 bytes).
    Removing gw1ns4c_gpio.o(i.GPIO_ResetBit), (8 bytes).
    Removing gw1ns4c_gpio.o(i.GPIO_SetAltFunc), (8 bytes).
    Removing gw1ns4c_gpio.o(i.GPIO_SetBit), (8 bytes).
    Removing gw1ns4c_gpio.o(i.GPIO_SetIntEnable), (12 bytes).
    Removing gw1ns4c_gpio.o(i.GPIO_SetIntFallingEdge), (20 bytes).
    Removing gw1ns4c_gpio.o(i.GPIO_SetIntHighLevel), (20 bytes).
    Removing gw1ns4c_gpio.o(i.GPIO_SetIntLowLevel), (20 bytes).
    Removing gw1ns4c_gpio.o(i.GPIO_SetIntRisingEdge), (20 bytes).
    Removing gw1ns4c_gpio.o(i.GPIO_SetOutEnable), (8 bytes).
    Removing gw1ns4c_gpio.o(i.GPIO_WriteBits), (4 bytes).
    Removing gw1ns4c_i2c.o(i.Delay_ms_i2c), (36 bytes).
    Removing gw1ns4c_i2c.o(i.I2C_Enable), (10 bytes).
    Removing gw1ns4c_i2c.o(i.I2C_Init), (46 bytes).
    Removing gw1ns4c_i2c.o(i.I2C_InterruptClose), (10 bytes).
    Removing gw1ns4c_i2c.o(i.I2C_InterruptOpen), (10 bytes).
    Removing gw1ns4c_i2c.o(i.I2C_Rate_Set), (32 bytes).
    Removing gw1ns4c_i2c.o(i.I2C_ReadBytes), (44 bytes).
    Removing gw1ns4c_i2c.o(i.I2C_ReceiveByte), (140 bytes).
    Removing gw1ns4c_i2c.o(i.I2C_ReceiveData), (164 bytes).
    Removing gw1ns4c_i2c.o(i.I2C_SendByte), (124 bytes).
    Removing gw1ns4c_i2c.o(i.I2C_SendBytes), (44 bytes).
    Removing gw1ns4c_i2c.o(i.I2C_SendData), (158 bytes).
    Removing gw1ns4c_i2c.o(i.I2C_UnEnable), (8 bytes).
    Removing gw1ns4c_misc.o(i.NVIC_Init), (112 bytes).
    Removing gw1ns4c_misc.o(i.NVIC_PriorityGroupConfig), (20 bytes).
    Removing gw1ns4c_misc.o(i.NVIC_SetVectorTable), (20 bytes).
    Removing gw1ns4c_misc.o(i.SysTick_CLKSourceConfig), (18 bytes).
    Removing gw1ns4c_rtc.o(i.Clear_RTC_interrupt), (12 bytes).
    Removing gw1ns4c_rtc.o(i.Close_RTC), (12 bytes).
    Removing gw1ns4c_rtc.o(i.Get_Current_Value), (12 bytes).
    Removing gw1ns4c_rtc.o(i.Get_Load_Value), (12 bytes).
    Removing gw1ns4c_rtc.o(i.Get_Match_Value), (12 bytes).
    Removing gw1ns4c_rtc.o(i.Get_RTC_Control_value), (12 bytes).
    Removing gw1ns4c_rtc.o(i.Get_RTC_Inter_Mask_value), (12 bytes).
    Removing gw1ns4c_rtc.o(i.RTC_Inter_Mask_Clr), (12 bytes).
    Removing gw1ns4c_rtc.o(i.RTC_Inter_Mask_Set), (12 bytes).
    Removing gw1ns4c_rtc.o(i.RTC_init), (24 bytes).
    Removing gw1ns4c_rtc.o(i.Set_Load_Value), (12 bytes).
    Removing gw1ns4c_rtc.o(i.Set_Match_Value), (12 bytes).
    Removing gw1ns4c_rtc.o(i.Start_RTC), (12 bytes).
    Removing gw1ns4c_spi.o(i.SPI_ClrDirection), (24 bytes).
    Removing gw1ns4c_spi.o(i.SPI_ClrErrStatus), (24 bytes).
    Removing gw1ns4c_spi.o(i.SPI_ClrPhase), (24 bytes).
    Removing gw1ns4c_spi.o(i.SPI_ClrPolarity), (24 bytes).
    Removing gw1ns4c_spi.o(i.SPI_ClrRoeStatus), (24 bytes).
    Removing gw1ns4c_spi.o(i.SPI_ClrToeStatus), (24 bytes).
    Removing gw1ns4c_spi.o(i.SPI_GetClkSel), (16 bytes).
    Removing gw1ns4c_spi.o(i.SPI_GetDirection), (16 bytes).
    Removing gw1ns4c_spi.o(i.SPI_GetErrStatus), (16 bytes).
    Removing gw1ns4c_spi.o(i.SPI_GetPhase), (16 bytes).
    Removing gw1ns4c_spi.o(i.SPI_GetPolarity), (16 bytes).
    Removing gw1ns4c_spi.o(i.SPI_GetRoeStatus), (16 bytes).
    Removing gw1ns4c_spi.o(i.SPI_GetRrdyStatus), (16 bytes).
    Removing gw1ns4c_spi.o(i.SPI_GetTmtStatus), (16 bytes).
    Removing gw1ns4c_spi.o(i.SPI_GetToeStatus), (16 bytes).
    Removing gw1ns4c_spi.o(i.SPI_GetTrdyStatus), (16 bytes).
    Removing gw1ns4c_spi.o(i.SPI_Init), (64 bytes).
    Removing gw1ns4c_spi.o(i.SPI_ReadData), (10 bytes).
    Removing gw1ns4c_spi.o(i.SPI_ReadWriteByte), (52 bytes).
    Removing gw1ns4c_spi.o(i.SPI_Select_Slave), (12 bytes).
    Removing gw1ns4c_spi.o(i.SPI_SetClkSel), (44 bytes).
    Removing gw1ns4c_spi.o(i.SPI_SetDirection), (24 bytes).
    Removing gw1ns4c_spi.o(i.SPI_SetPhase), (24 bytes).
    Removing gw1ns4c_spi.o(i.SPI_SetPolarity), (24 bytes).
    Removing gw1ns4c_spi.o(i.SPI_WriteData), (12 bytes).
    Removing gw1ns4c_syscon.o(i.SYSCON_GetPmuctrlEnable), (12 bytes).
    Removing gw1ns4c_syscon.o(i.SYSCON_GetRemap), (12 bytes).
    Removing gw1ns4c_syscon.o(i.SYSCON_GetResetopLockuprst), (12 bytes).
    Removing gw1ns4c_syscon.o(i.SYSCON_GetRstinfoLockreset), (16 bytes).
    Removing gw1ns4c_syscon.o(i.SYSCON_GetRstinfoSysresetreq), (16 bytes).
    Removing gw1ns4c_syscon.o(i.SYSCON_GetRstinfoWdogresetreq), (16 bytes).
    Removing gw1ns4c_syscon.o(i.SYSCON_Init), (20 bytes).
    Removing gw1ns4c_timer.o(i.TIMER_ClearIRQ), (6 bytes).
    Removing gw1ns4c_timer.o(i.TIMER_DisableIRQ), (10 bytes).
    Removing gw1ns4c_timer.o(i.TIMER_EnableIRQ), (10 bytes).
    Removing gw1ns4c_timer.o(i.TIMER_GetIRQStatus), (8 bytes).
    Removing gw1ns4c_timer.o(i.TIMER_GetReload), (6 bytes).
    Removing gw1ns4c_timer.o(i.TIMER_GetValue), (6 bytes).
    Removing gw1ns4c_timer.o(i.TIMER_Init), (84 bytes).
    Removing gw1ns4c_timer.o(i.TIMER_SelExtClock), (16 bytes).
    Removing gw1ns4c_timer.o(i.TIMER_SelExtEnable), (16 bytes).
    Removing gw1ns4c_timer.o(i.TIMER_SetReload), (4 bytes).
    Removing gw1ns4c_timer.o(i.TIMER_SetValue), (4 bytes).
    Removing gw1ns4c_timer.o(i.TIMER_StartTimer), (10 bytes).
    Removing gw1ns4c_timer.o(i.TIMER_StopTimer), (10 bytes).
    Removing gw1ns4c_uart.o(i.UART_ClearRxBufferOverrunStatus), (6 bytes).
    Removing gw1ns4c_uart.o(i.UART_ClearRxIRQ), (6 bytes).
    Removing gw1ns4c_uart.o(i.UART_ClearRxOverrunIRQ), (6 bytes).
    Removing gw1ns4c_uart.o(i.UART_ClearTxBufferOverrunStatus), (6 bytes).
    Removing gw1ns4c_uart.o(i.UART_ClearTxIRQ), (6 bytes).
    Removing gw1ns4c_uart.o(i.UART_ClearTxOverrunIRQ), (6 bytes).
    Removing gw1ns4c_uart.o(i.UART_ClrHSTM), (10 bytes).
    Removing gw1ns4c_uart.o(i.UART_GetBaudDivider), (6 bytes).
    Removing gw1ns4c_uart.o(i.UART_GetRxBufferFull), (10 bytes).
    Removing gw1ns4c_uart.o(i.UART_GetRxBufferOverrunStatus), (10 bytes).
    Removing gw1ns4c_uart.o(i.UART_GetRxIRQStatus), (10 bytes).
    Removing gw1ns4c_uart.o(i.UART_GetRxOverrunIRQStatus), (10 bytes).
    Removing gw1ns4c_uart.o(i.UART_GetTxBufferFull), (10 bytes).
    Removing gw1ns4c_uart.o(i.UART_GetTxBufferOverrunStatus), (10 bytes).
    Removing gw1ns4c_uart.o(i.UART_GetTxIRQStatus), (10 bytes).
    Removing gw1ns4c_uart.o(i.UART_GetTxOverrunIRQStatus), (10 bytes).
    Removing gw1ns4c_uart.o(i.UART_ReceiveChar), (20 bytes).
    Removing gw1ns4c_uart.o(i.UART_SetHSTM), (10 bytes).
    Removing gw1ns4c_wdog.o(i.WDOG_ClrITModeEnable), (20 bytes).
    Removing gw1ns4c_wdog.o(i.WDOG_ClrITOP), (16 bytes).
    Removing gw1ns4c_wdog.o(i.WDOG_ClrIntEnable), (12 bytes).
    Removing gw1ns4c_wdog.o(i.WDOG_GetCounterValue), (12 bytes).
    Removing gw1ns4c_wdog.o(i.WDOG_GetITModeStatus), (20 bytes).
    Removing gw1ns4c_wdog.o(i.WDOG_GetITOPIntStatus), (20 bytes).
    Removing gw1ns4c_wdog.o(i.WDOG_GetITOPResStatus), (20 bytes).
    Removing gw1ns4c_wdog.o(i.WDOG_GetIntStatus), (20 bytes).
    Removing gw1ns4c_wdog.o(i.WDOG_GetMaskIntStatus), (20 bytes).
    Removing gw1ns4c_wdog.o(i.WDOG_GetRawIntStatus), (20 bytes).
    Removing gw1ns4c_wdog.o(i.WDOG_GetResStatus), (20 bytes).
    Removing gw1ns4c_wdog.o(i.WDOG_Init), (164 bytes).
    Removing gw1ns4c_wdog.o(i.WDOG_LockWriteAccess), (12 bytes).
    Removing gw1ns4c_wdog.o(i.WDOG_RestartCounter), (12 bytes).
    Removing gw1ns4c_wdog.o(i.WDOG_SetITModeEnable), (20 bytes).
    Removing gw1ns4c_wdog.o(i.WDOG_SetITOP), (12 bytes).
    Removing gw1ns4c_wdog.o(i.WDOG_SetIntEnable), (20 bytes).
    Removing gw1ns4c_wdog.o(i.WDOG_SetResetEnable), (20 bytes).
    Removing gw1ns4c_wdog.o(i.WDOG_UnlockWriteAccess), (16 bytes).

134 unused section(s) (total 3154 bytes) removed from the image.

==============================================================================

Image Symbol Table

    Local Symbols

    Symbol Name                              Value     Ov Type        Size  Object(Section)

    RESET                                    0x00000000   Section      192  startup_gw1ns4c.o(RESET)
    ../clib/angel/boardlib.s                 0x00000000   Number         0  boardinit1.o ABSOLUTE
    ../clib/angel/boardlib.s                 0x00000000   Number         0  boardinit2.o ABSOLUTE
    ../clib/angel/boardlib.s                 0x00000000   Number         0  boardinit3.o ABSOLUTE
    ../clib/angel/boardlib.s                 0x00000000   Number         0  boardshut.o ABSOLUTE
    ../clib/angel/handlers.s                 0x00000000   Number         0  __scatter_copy.o ABSOLUTE
    ../clib/angel/handlers.s                 0x00000000   Number         0  __scatter_zi.o ABSOLUTE
    ../clib/angel/kernel.s                   0x00000000   Number         0  __rtentry4.o ABSOLUTE
    ../clib/angel/kernel.s                   0x00000000   Number         0  __rtentry2.o ABSOLUTE
    ../clib/angel/kernel.s                   0x00000000   Number         0  rtexit.o ABSOLUTE
    ../clib/angel/kernel.s                   0x00000000   Number         0  rtexit2.o ABSOLUTE
    ../clib/angel/kernel.s                   0x00000000   Number         0  __rtentry.o ABSOLUTE
    ../clib/angel/rt.s                       0x00000000   Number         0  rt_raise.o ABSOLUTE
    ../clib/angel/scatter.s                  0x00000000   Number         0  __scatter.o ABSOLUTE
    ../clib/angel/startup.s                  0x00000000   Number         0  __main.o ABSOLUTE
    ../clib/angel/sys.s                      0x00000000   Number         0  sys_stackheap_outer.o ABSOLUTE
    ../clib/angel/sys.s                      0x00000000   Number         0  indicate_semi.o ABSOLUTE
    ../clib/angel/sys.s                      0x00000000   Number         0  use_no_semi.o ABSOLUTE
    ../clib/angel/sys.s                      0x00000000   Number         0  libspace.o ABSOLUTE
    ../clib/angel/sysapp.c                   0x00000000   Number         0  sys_command.o ABSOLUTE
    ../clib/angel/sysapp.c                   0x00000000   Number         0  sys_wrch.o ABSOLUTE
    ../clib/angel/sysapp.c                   0x00000000   Number         0  sys_exit.o ABSOLUTE
    ../clib/armsys.c                         0x00000000   Number         0  _get_argv_nomalloc.o ABSOLUTE
    ../clib/armsys.c                         0x00000000   Number         0  no_argv.o ABSOLUTE
    ../clib/armsys.c                         0x00000000   Number         0  argv_veneer.o ABSOLUTE
    ../clib/armsys.c                         0x00000000   Number         0  argv_veneer.o ABSOLUTE
    ../clib/heapalloc.c                      0x00000000   Number         0  hrguard.o ABSOLUTE
    ../clib/heapaux.c                        0x00000000   Number         0  heapauxi.o ABSOLUTE
    ../clib/libinit.s                        0x00000000   Number         0  libshutdown2.o ABSOLUTE
    ../clib/libinit.s                        0x00000000   Number         0  libshutdown.o ABSOLUTE
    ../clib/libinit.s                        0x00000000   Number         0  libinit.o ABSOLUTE
    ../clib/libinit.s                        0x00000000   Number         0  libinit2.o ABSOLUTE
    ../clib/printf.c                         0x00000000   Number         0  __printf_wp.o ABSOLUTE
    ../clib/printf.c                         0x00000000   Number         0  __printf_flags_wp.o ABSOLUTE
    ../clib/printf.c                         0x00000000   Number         0  __printf_ss_wp.o ABSOLUTE
    ../clib/printf.c                         0x00000000   Number         0  __printf_flags_ss_wp.o ABSOLUTE
    ../clib/printf.c                         0x00000000   Number         0  _printf_intcommon.o ABSOLUTE
    ../clib/printf.c                         0x00000000   Number         0  _sputc.o ABSOLUTE
    ../clib/printf.c                         0x00000000   Number         0  _snputc.o ABSOLUTE
    ../clib/printf.c                         0x00000000   Number         0  __printf_nopercent.o ABSOLUTE
    ../clib/printf.c                         0x00000000   Number         0  _printf_char_common.o ABSOLUTE
    ../clib/printf.c                         0x00000000   Number         0  __2snprintf.o ABSOLUTE
    ../clib/printf.c                         0x00000000   Number         0  noretval__2snprintf.o ABSOLUTE
    ../clib/printf.c                         0x00000000   Number         0  __printf.o ABSOLUTE
    ../clib/printf.c                         0x00000000   Number         0  _printf_hex_ll.o ABSOLUTE
    ../clib/printf.c                         0x00000000   Number         0  _printf_hex_int.o ABSOLUTE
    ../clib/printf.c                         0x00000000   Number         0  _printf_hex_int_ll.o ABSOLUTE
    ../clib/printf.c                         0x00000000   Number         0  _printf_hex_ptr.o ABSOLUTE
    ../clib/printf.c                         0x00000000   Number         0  _printf_hex_int_ptr.o ABSOLUTE
    ../clib/printf.c                         0x00000000   Number         0  _printf_hex_ll_ptr.o ABSOLUTE
    ../clib/printf.c                         0x00000000   Number         0  _printf_hex_int_ll_ptr.o ABSOLUTE
    ../clib/printf.c                         0x00000000   Number         0  __printf_flags.o ABSOLUTE
    ../clib/printf.c                         0x00000000   Number         0  __printf_ss.o ABSOLUTE
    ../clib/printf.c                         0x00000000   Number         0  __printf_flags_ss.o ABSOLUTE
    ../clib/printf_percent.s                 0x00000000   Number         0  _printf_percent_end.o ABSOLUTE
    ../clib/printf_percent.s                 0x00000000   Number         0  _printf_percent.o ABSOLUTE
    ../clib/printf_percent.s                 0x00000000   Number         0  _printf_x.o ABSOLUTE
    ../clib/signal.c                         0x00000000   Number         0  defsig_rtmem_outer.o ABSOLUTE
    ../clib/signal.c                         0x00000000   Number         0  defsig_abrt_inner.o ABSOLUTE
    ../clib/signal.c                         0x00000000   Number         0  defsig_other.o ABSOLUTE
    ../clib/signal.c                         0x00000000   Number         0  defsig_segv_inner.o ABSOLUTE
    ../clib/signal.c                         0x00000000   Number         0  defsig_cppl_inner.o ABSOLUTE
    ../clib/signal.c                         0x00000000   Number         0  defsig_pvfn_inner.o ABSOLUTE
    ../clib/signal.c                         0x00000000   Number         0  defsig_stak_inner.o ABSOLUTE
    ../clib/signal.c                         0x00000000   Number         0  defsig_rtred_inner.o ABSOLUTE
    ../clib/signal.c                         0x00000000   Number         0  defsig_general.o ABSOLUTE
    ../clib/signal.c                         0x00000000   Number         0  defsig_rtmem_formal.o ABSOLUTE
    ../clib/signal.c                         0x00000000   Number         0  defsig_exit.o ABSOLUTE
    ../clib/signal.c                         0x00000000   Number         0  defsig_fpe_inner.o ABSOLUTE
    ../clib/signal.c                         0x00000000   Number         0  defsig_rtmem_inner.o ABSOLUTE
    ../clib/signal.c                         0x00000000   Number         0  __raise.o ABSOLUTE
    ../clib/signal.s                         0x00000000   Number         0  defsig.o ABSOLUTE
    ../clib/stdlib.c                         0x00000000   Number         0  exit.o ABSOLUTE
    ../fplib/fpinit.s                        0x00000000   Number         0  fpinit.o ABSOLUTE
    CORE\\core_cm3.c                         0x00000000   Number         0  core_cm3.o ABSOLUTE
    CORE\core_cm3.c                          0x00000000   Number         0  core_cm3.o ABSOLUTE
    PERIPHERAL\Sources\gw1ns4c_gpio.c        0x00000000   Number         0  gw1ns4c_gpio.o ABSOLUTE
    PERIPHERAL\Sources\gw1ns4c_i2c.c         0x00000000   Number         0  gw1ns4c_i2c.o ABSOLUTE
    PERIPHERAL\Sources\gw1ns4c_misc.c        0x00000000   Number         0  gw1ns4c_misc.o ABSOLUTE
    PERIPHERAL\Sources\gw1ns4c_rtc.c         0x00000000   Number         0  gw1ns4c_rtc.o ABSOLUTE
    PERIPHERAL\Sources\gw1ns4c_spi.c         0x00000000   Number         0  gw1ns4c_spi.o ABSOLUTE
    PERIPHERAL\Sources\gw1ns4c_syscon.c      0x00000000   Number         0  gw1ns4c_syscon.o ABSOLUTE
    PERIPHERAL\Sources\gw1ns4c_timer.c       0x00000000   Number         0  gw1ns4c_timer.o ABSOLUTE
    PERIPHERAL\Sources\gw1ns4c_uart.c        0x00000000   Number         0  gw1ns4c_uart.o ABSOLUTE
    PERIPHERAL\Sources\gw1ns4c_wdog.c        0x00000000   Number         0  gw1ns4c_wdog.o ABSOLUTE
    STARTUP\startup_gw1ns4c.s                0x00000000   Number         0  startup_gw1ns4c.o ABSOLUTE
    SYSTEM\system_gw1ns4c.c                  0x00000000   Number         0  system_gw1ns4c.o ABSOLUTE
    USER\ahb_led.c                           0x00000000   Number         0  ahb_led.o ABSOLUTE
    USER\main.c                              0x00000000   Number         0  main.o ABSOLUTE
    dc.s                                     0x00000000   Number         0  dc.o ABSOLUTE
    !!!main                                  0x000000c0   Section        8  __main.o(!!!main)
    !!!scatter                               0x000000c8   Section       52  __scatter.o(!!!scatter)
    !!handler_copy                           0x000000fc   Section       26  __scatter_copy.o(!!handler_copy)
    !!handler_zi                             0x00000118   Section       28  __scatter_zi.o(!!handler_zi)
    .ARM.Collect$$_printf_percent$$00000000  0x00000134   Section        0  _printf_percent.o(.ARM.Collect$$_printf_percent$$00000000)
    .ARM.Collect$$_printf_percent$$0000000C  0x00000134   Section        6  _printf_x.o(.ARM.Collect$$_printf_percent$$0000000C)
    .ARM.Collect$$_printf_percent$$00000017  0x0000013a   Section        4  _printf_percent_end.o(.ARM.Collect$$_printf_percent$$00000017)
    .ARM.Collect$$libinit$$00000000          0x0000013e   Section        2  libinit.o(.ARM.Collect$$libinit$$00000000)
    .ARM.Collect$$libinit$$00000002          0x00000140   Section        0  libinit2.o(.ARM.Collect$$libinit$$00000002)
    .ARM.Collect$$libinit$$00000004          0x00000140   Section        0  libinit2.o(.ARM.Collect$$libinit$$00000004)
    .ARM.Collect$$libinit$$0000000A          0x00000140   Section        0  libinit2.o(.ARM.Collect$$libinit$$0000000A)
    .ARM.Collect$$libinit$$0000000C          0x00000140   Section        0  libinit2.o(.ARM.Collect$$libinit$$0000000C)
    .ARM.Collect$$libinit$$0000000E          0x00000140   Section        0  libinit2.o(.ARM.Collect$$libinit$$0000000E)
    .ARM.Collect$$libinit$$00000011          0x00000140   Section        0  libinit2.o(.ARM.Collect$$libinit$$00000011)
    .ARM.Collect$$libinit$$00000013          0x00000140   Section        0  libinit2.o(.ARM.Collect$$libinit$$00000013)
    .ARM.Collect$$libinit$$00000015          0x00000140   Section        0  libinit2.o(.ARM.Collect$$libinit$$00000015)
    .ARM.Collect$$libinit$$00000017          0x00000140   Section        0  libinit2.o(.ARM.Collect$$libinit$$00000017)
    .ARM.Collect$$libinit$$00000019          0x00000140   Section        0  libinit2.o(.ARM.Collect$$libinit$$00000019)
    .ARM.Collect$$libinit$$0000001B          0x00000140   Section        0  libinit2.o(.ARM.Collect$$libinit$$0000001B)
    .ARM.Collect$$libinit$$0000001D          0x00000140   Section        0  libinit2.o(.ARM.Collect$$libinit$$0000001D)
    .ARM.Collect$$libinit$$0000001F          0x00000140   Section        0  libinit2.o(.ARM.Collect$$libinit$$0000001F)
    .ARM.Collect$$libinit$$00000021          0x00000140   Section        0  libinit2.o(.ARM.Collect$$libinit$$00000021)
    .ARM.Collect$$libinit$$00000023          0x00000140   Section        0  libinit2.o(.ARM.Collect$$libinit$$00000023)
    .ARM.Collect$$libinit$$00000025          0x00000140   Section        0  libinit2.o(.ARM.Collect$$libinit$$00000025)
    .ARM.Collect$$libinit$$0000002C          0x00000140   Section        0  libinit2.o(.ARM.Collect$$libinit$$0000002C)
    .ARM.Collect$$libinit$$0000002E          0x00000140   Section        0  libinit2.o(.ARM.Collect$$libinit$$0000002E)
    .ARM.Collect$$libinit$$00000030          0x00000140   Section        0  libinit2.o(.ARM.Collect$$libinit$$00000030)
    .ARM.Collect$$libinit$$00000032          0x00000140   Section        0  libinit2.o(.ARM.Collect$$libinit$$00000032)
    .ARM.Collect$$libinit$$00000033          0x00000140   Section        2  libinit2.o(.ARM.Collect$$libinit$$00000033)
    .ARM.Collect$$libshutdown$$00000000      0x00000142   Section        2  libshutdown.o(.ARM.Collect$$libshutdown$$00000000)
    .ARM.Collect$$libshutdown$$00000002      0x00000144   Section        0  libshutdown2.o(.ARM.Collect$$libshutdown$$00000002)
    .ARM.Collect$$libshutdown$$00000004      0x00000144   Section        0  libshutdown2.o(.ARM.Collect$$libshutdown$$00000004)
    .ARM.Collect$$libshutdown$$00000006      0x00000144   Section        0  libshutdown2.o(.ARM.Collect$$libshutdown$$00000006)
    .ARM.Collect$$libshutdown$$00000009      0x00000144   Section        0  libshutdown2.o(.ARM.Collect$$libshutdown$$00000009)
    .ARM.Collect$$libshutdown$$0000000C      0x00000144   Section        0  libshutdown2.o(.ARM.Collect$$libshutdown$$0000000C)
    .ARM.Collect$$libshutdown$$0000000E      0x00000144   Section        0  libshutdown2.o(.ARM.Collect$$libshutdown$$0000000E)
    .ARM.Collect$$libshutdown$$00000011      0x00000144   Section        0  libshutdown2.o(.ARM.Collect$$libshutdown$$00000011)
    .ARM.Collect$$libshutdown$$00000012      0x00000144   Section        2  libshutdown2.o(.ARM.Collect$$libshutdown$$00000012)
    .ARM.Collect$$rtentry$$00000000          0x00000146   Section        0  __rtentry.o(.ARM.Collect$$rtentry$$00000000)
    .ARM.Collect$$rtentry$$00000002          0x00000146   Section        0  __rtentry2.o(.ARM.Collect$$rtentry$$00000002)
    .ARM.Collect$$rtentry$$00000004          0x00000146   Section        6  __rtentry4.o(.ARM.Collect$$rtentry$$00000004)
    .ARM.Collect$$rtentry$$00000009          0x0000014c   Section        0  __rtentry2.o(.ARM.Collect$$rtentry$$00000009)
    .ARM.Collect$$rtentry$$0000000A          0x0000014c   Section        4  __rtentry2.o(.ARM.Collect$$rtentry$$0000000A)
    .ARM.Collect$$rtentry$$0000000C          0x00000150   Section        0  __rtentry2.o(.ARM.Collect$$rtentry$$0000000C)
    .ARM.Collect$$rtentry$$0000000D          0x00000150   Section        8  __rtentry2.o(.ARM.Collect$$rtentry$$0000000D)
    .ARM.Collect$$rtexit$$00000000           0x00000158   Section        2  rtexit.o(.ARM.Collect$$rtexit$$00000000)
    .ARM.Collect$$rtexit$$00000002           0x0000015a   Section        0  rtexit2.o(.ARM.Collect$$rtexit$$00000002)
    .ARM.Collect$$rtexit$$00000003           0x0000015a   Section        4  rtexit2.o(.ARM.Collect$$rtexit$$00000003)
    .ARM.Collect$$rtexit$$00000004           0x0000015e   Section        6  rtexit2.o(.ARM.Collect$$rtexit$$00000004)
    .text                                    0x00000164   Section       64  startup_gw1ns4c.o(.text)
    .text                                    0x000001a4   Section        0  noretval__2snprintf.o(.text)
    .text                                    0x000001d8   Section        0  __printf.o(.text)
    .text                                    0x00000240   Section        0  _printf_hex_int.o(.text)
    .text                                    0x00000298   Section        0  heapauxi.o(.text)
    .text                                    0x0000029e   Section        0  _printf_intcommon.o(.text)
    .text                                    0x00000350   Section        0  _printf_char_common.o(.text)
    _printf_input_char                       0x00000351   Thumb Code    10  _printf_char_common.o(.text)
    .text                                    0x00000380   Section        0  _sputc.o(.text)
    .text                                    0x0000038a   Section        0  _snputc.o(.text)
    .text                                    0x0000039a   Section       74  sys_stackheap_outer.o(.text)
    .text                                    0x000003e4   Section        0  exit.o(.text)
    .text                                    0x000003f8   Section        8  libspace.o(.text)
    .text                                    0x00000400   Section        0  sys_exit.o(.text)
    .text                                    0x0000040c   Section        2  use_no_semi.o(.text)
    .text                                    0x0000040e   Section        0  indicate_semi.o(.text)
    i.SystemInit                             0x00000410   Section        0  system_gw1ns4c.o(i.SystemInit)
    i.UART_Init                              0x00000444   Section        0  gw1ns4c_uart.o(i.UART_Init)
    i.UART_SendChar                          0x000004c4   Section        0  gw1ns4c_uart.o(i.UART_SendChar)
    i.UART_SendString                        0x000004d4   Section        0  gw1ns4c_uart.o(i.UART_SendString)
    i.UartInit                               0x000004f0   Section        0  main.o(i.UartInit)
    i.delay_ms                               0x00000528   Section        0  main.o(i.delay_ms)
    i.getData                                0x0000054c   Section        0  ahb_led.o(i.getData)
    i.main                                   0x00000554   Section        0  main.o(i.main)
    i.setData                                0x000005e8   Section        0  ahb_led.o(i.setData)
    .constdata                               0x000005f4   Section       40  _printf_hex_int.o(.constdata)
    uc_hextab                                0x000005f4   Data          20  _printf_hex_int.o(.constdata)
    lc_hextab                                0x00000608   Data          20  _printf_hex_int.o(.constdata)
    .data                                    0x20000000   Section       16  system_gw1ns4c.o(.data)
    .data                                    0x20000010   Section        2  main.o(.data)
    .bss                                     0x20000014   Section       32  main.o(.bss)
    .bss                                     0x20000034   Section       96  libspace.o(.bss)
    HEAP                                     0x20000098   Section      512  startup_gw1ns4c.o(HEAP)
    Heap_Mem                                 0x20000098   Data         512  startup_gw1ns4c.o(HEAP)
    STACK                                    0x20000298   Section     1024  startup_gw1ns4c.o(STACK)
    Stack_Mem                                0x20000298   Data        1024  startup_gw1ns4c.o(STACK)
    __initial_sp                             0x20000698   Data           0  startup_gw1ns4c.o(STACK)

    Global Symbols

    Symbol Name                              Value     Ov Type        Size  Object(Section)

    BuildAttributes$$THM_ISAv4$P$D$K$B$S$PE$A:L22UL41UL21$X:L11$S22US41US21$IEEE1$IW$USESV6$~STKCKD$USESV7$~SHL$OSPACE$ROPI$EBA8$UX$STANDARDLIB$REQ8$PRES8$EABIv2 0x00000000   Number         0  anon$$obj.o ABSOLUTE
    __ARM_use_no_argv                        0x00000000   Number         0  main.o ABSOLUTE
    __Vectors                                0x00000000   Data           4  startup_gw1ns4c.o(RESET)
    __ARM_exceptions_init                     - Undefined Weak Reference
    __alloca_initialize                       - Undefined Weak Reference
    __arm_fini_                               - Undefined Weak Reference
    __arm_preinit_                            - Undefined Weak Reference
    __cpp_initialize__aeabi_                  - Undefined Weak Reference
    __cxa_finalize                            - Undefined Weak Reference
    __rt_locale                               - Undefined Weak Reference
    __sigvec_lookup                           - Undefined Weak Reference
    _atexit_init                              - Undefined Weak Reference
    _call_atexit_fns                          - Undefined Weak Reference
    _clock_init                               - Undefined Weak Reference
    _fp_trap_init                             - Undefined Weak Reference
    _fp_trap_shutdown                         - Undefined Weak Reference
    _get_lc_collate                           - Undefined Weak Reference
    _get_lc_ctype                             - Undefined Weak Reference
    _get_lc_monetary                          - Undefined Weak Reference
    _get_lc_numeric                           - Undefined Weak Reference
    _get_lc_time                              - Undefined Weak Reference
    _getenv_init                              - Undefined Weak Reference
    _handle_redirection                       - Undefined Weak Reference
    _init_alloc                               - Undefined Weak Reference
    _init_user_alloc                          - Undefined Weak Reference
    _initio                                   - Undefined Weak Reference
    _printf_post_padding                      - Undefined Weak Reference
    _printf_pre_padding                       - Undefined Weak Reference
    _printf_truncate_unsigned                 - Undefined Weak Reference
    _rand_init                                - Undefined Weak Reference
    _signal_finish                            - Undefined Weak Reference
    _signal_init                              - Undefined Weak Reference
    _terminate_alloc                          - Undefined Weak Reference
    _terminate_user_alloc                     - Undefined Weak Reference
    _terminateio                              - Undefined Weak Reference
    __Vectors_End                            0x000000c0   Data           0  startup_gw1ns4c.o(RESET)
    __Vectors_Size                           0x000000c0   Number         0  startup_gw1ns4c.o ABSOLUTE
    __main                                   0x000000c1   Thumb Code     8  __main.o(!!!main)
    __scatterload                            0x000000c9   Thumb Code     0  __scatter.o(!!!scatter)
    __scatterload_rt2                        0x000000c9   Thumb Code    44  __scatter.o(!!!scatter)
    __scatterload_rt2_thumb_only             0x000000c9   Thumb Code     0  __scatter.o(!!!scatter)
    __scatterload_null                       0x000000d7   Thumb Code     0  __scatter.o(!!!scatter)
    __scatterload_copy                       0x000000fd   Thumb Code    26  __scatter_copy.o(!!handler_copy)
    __scatterload_zeroinit                   0x00000119   Thumb Code    28  __scatter_zi.o(!!handler_zi)
    _printf_percent                          0x00000135   Thumb Code     0  _printf_percent.o(.ARM.Collect$$_printf_percent$$00000000)
    _printf_x                                0x00000135   Thumb Code     0  _printf_x.o(.ARM.Collect$$_printf_percent$$0000000C)
    _printf_percent_end                      0x0000013b   Thumb Code     0  _printf_percent_end.o(.ARM.Collect$$_printf_percent$$00000017)
    __rt_lib_init                            0x0000013f   Thumb Code     0  libinit.o(.ARM.Collect$$libinit$$00000000)
    __rt_lib_init_alloca_1                   0x00000141   Thumb Code     0  libinit2.o(.ARM.Collect$$libinit$$0000002E)
    __rt_lib_init_argv_1                     0x00000141   Thumb Code     0  libinit2.o(.ARM.Collect$$libinit$$0000002C)
    __rt_lib_init_atexit_1                   0x00000141   Thumb Code     0  libinit2.o(.ARM.Collect$$libinit$$0000001B)
    __rt_lib_init_clock_1                    0x00000141   Thumb Code     0  libinit2.o(.ARM.Collect$$libinit$$00000021)
    __rt_lib_init_cpp_1                      0x00000141   Thumb Code     0  libinit2.o(.ARM.Collect$$libinit$$00000032)
    __rt_lib_init_exceptions_1               0x00000141   Thumb Code     0  libinit2.o(.ARM.Collect$$libinit$$00000030)
    __rt_lib_init_fp_1                       0x00000141   Thumb Code     0  libinit2.o(.ARM.Collect$$libinit$$00000002)
    __rt_lib_init_fp_trap_1                  0x00000141   Thumb Code     0  libinit2.o(.ARM.Collect$$libinit$$0000001F)
    __rt_lib_init_getenv_1                   0x00000141   Thumb Code     0  libinit2.o(.ARM.Collect$$libinit$$00000023)
    __rt_lib_init_heap_1                     0x00000141   Thumb Code     0  libinit2.o(.ARM.Collect$$libinit$$0000000A)
    __rt_lib_init_lc_collate_1               0x00000141   Thumb Code     0  libinit2.o(.ARM.Collect$$libinit$$00000011)
    __rt_lib_init_lc_ctype_1                 0x00000141   Thumb Code     0  libinit2.o(.ARM.Collect$$libinit$$00000013)
    __rt_lib_init_lc_monetary_1              0x00000141   Thumb Code     0  libinit2.o(.ARM.Collect$$libinit$$00000015)
    __rt_lib_init_lc_numeric_1               0x00000141   Thumb Code     0  libinit2.o(.ARM.Collect$$libinit$$00000017)
    __rt_lib_init_lc_time_1                  0x00000141   Thumb Code     0  libinit2.o(.ARM.Collect$$libinit$$00000019)
    __rt_lib_init_preinit_1                  0x00000141   Thumb Code     0  libinit2.o(.ARM.Collect$$libinit$$00000004)
    __rt_lib_init_rand_1                     0x00000141   Thumb Code     0  libinit2.o(.ARM.Collect$$libinit$$0000000E)
    __rt_lib_init_return                     0x00000141   Thumb Code     0  libinit2.o(.ARM.Collect$$libinit$$00000033)
    __rt_lib_init_signal_1                   0x00000141   Thumb Code     0  libinit2.o(.ARM.Collect$$libinit$$0000001D)
    __rt_lib_init_stdio_1                    0x00000141   Thumb Code     0  libinit2.o(.ARM.Collect$$libinit$$00000025)
    __rt_lib_init_user_alloc_1               0x00000141   Thumb Code     0  libinit2.o(.ARM.Collect$$libinit$$0000000C)
    __rt_lib_shutdown                        0x00000143   Thumb Code     0  libshutdown.o(.ARM.Collect$$libshutdown$$00000000)
    __rt_lib_shutdown_cpp_1                  0x00000145   Thumb Code     0  libshutdown2.o(.ARM.Collect$$libshutdown$$00000004)
    __rt_lib_shutdown_fini_1                 0x00000145   Thumb Code     0  libshutdown2.o(.ARM.Collect$$libshutdown$$00000002)
    __rt_lib_shutdown_fp_trap_1              0x00000145   Thumb Code     0  libshutdown2.o(.ARM.Collect$$libshutdown$$00000009)
    __rt_lib_shutdown_heap_1                 0x00000145   Thumb Code     0  libshutdown2.o(.ARM.Collect$$libshutdown$$00000011)
    __rt_lib_shutdown_return                 0x00000145   Thumb Code     0  libshutdown2.o(.ARM.Collect$$libshutdown$$00000012)
    __rt_lib_shutdown_signal_1               0x00000145   Thumb Code     0  libshutdown2.o(.ARM.Collect$$libshutdown$$0000000C)
    __rt_lib_shutdown_stdio_1                0x00000145   Thumb Code     0  libshutdown2.o(.ARM.Collect$$libshutdown$$00000006)
    __rt_lib_shutdown_user_alloc_1           0x00000145   Thumb Code     0  libshutdown2.o(.ARM.Collect$$libshutdown$$0000000E)
    __rt_entry                               0x00000147   Thumb Code     0  __rtentry.o(.ARM.Collect$$rtentry$$00000000)
    __rt_entry_presh_1                       0x00000147   Thumb Code     0  __rtentry2.o(.ARM.Collect$$rtentry$$00000002)
    __rt_entry_sh                            0x00000147   Thumb Code     0  __rtentry4.o(.ARM.Collect$$rtentry$$00000004)
    __rt_entry_li                            0x0000014d   Thumb Code     0  __rtentry2.o(.ARM.Collect$$rtentry$$0000000A)
    __rt_entry_postsh_1                      0x0000014d   Thumb Code     0  __rtentry2.o(.ARM.Collect$$rtentry$$00000009)
    __rt_entry_main                          0x00000151   Thumb Code     0  __rtentry2.o(.ARM.Collect$$rtentry$$0000000D)
    __rt_entry_postli_1                      0x00000151   Thumb Code     0  __rtentry2.o(.ARM.Collect$$rtentry$$0000000C)
    __rt_exit                                0x00000159   Thumb Code     0  rtexit.o(.ARM.Collect$$rtexit$$00000000)
    __rt_exit_ls                             0x0000015b   Thumb Code     0  rtexit2.o(.ARM.Collect$$rtexit$$00000003)
    __rt_exit_prels_1                        0x0000015b   Thumb Code     0  rtexit2.o(.ARM.Collect$$rtexit$$00000002)
    __rt_exit_exit                           0x0000015f   Thumb Code     0  rtexit2.o(.ARM.Collect$$rtexit$$00000004)
    Reset_Handler                            0x00000165   Thumb Code     8  startup_gw1ns4c.o(.text)
    NMI_Handler                              0x0000016d   Thumb Code     2  startup_gw1ns4c.o(.text)
    HardFault_Handler                        0x0000016f   Thumb Code     2  startup_gw1ns4c.o(.text)
    MemManage_Handler                        0x00000171   Thumb Code     2  startup_gw1ns4c.o(.text)
    BusFault_Handler                         0x00000173   Thumb Code     2  startup_gw1ns4c.o(.text)
    UsageFault_Handler                       0x00000175   Thumb Code     2  startup_gw1ns4c.o(.text)
    SVC_Handler                              0x00000177   Thumb Code     2  startup_gw1ns4c.o(.text)
    DebugMon_Handler                         0x00000179   Thumb Code     2  startup_gw1ns4c.o(.text)
    PendSV_Handler                           0x0000017b   Thumb Code     2  startup_gw1ns4c.o(.text)
    SysTick_Handler                          0x0000017d   Thumb Code     2  startup_gw1ns4c.o(.text)
    I2C_Handler                              0x0000017f   Thumb Code     0  startup_gw1ns4c.o(.text)
    PORT0_0_Handler                          0x0000017f   Thumb Code     0  startup_gw1ns4c.o(.text)
    PORT0_10_Handler                         0x0000017f   Thumb Code     0  startup_gw1ns4c.o(.text)
    PORT0_11_Handler                         0x0000017f   Thumb Code     0  startup_gw1ns4c.o(.text)
    PORT0_12_Handler                         0x0000017f   Thumb Code     0  startup_gw1ns4c.o(.text)
    PORT0_13_Handler                         0x0000017f   Thumb Code     0  startup_gw1ns4c.o(.text)
    PORT0_14_Handler                         0x0000017f   Thumb Code     0  startup_gw1ns4c.o(.text)
    PORT0_15_Handler                         0x0000017f   Thumb Code     0  startup_gw1ns4c.o(.text)
    PORT0_1_Handler                          0x0000017f   Thumb Code     0  startup_gw1ns4c.o(.text)
    PORT0_2_Handler                          0x0000017f   Thumb Code     0  startup_gw1ns4c.o(.text)
    PORT0_3_Handler                          0x0000017f   Thumb Code     0  startup_gw1ns4c.o(.text)
    PORT0_4_Handler                          0x0000017f   Thumb Code     0  startup_gw1ns4c.o(.text)
    PORT0_5_Handler                          0x0000017f   Thumb Code     0  startup_gw1ns4c.o(.text)
    PORT0_6_Handler                          0x0000017f   Thumb Code     0  startup_gw1ns4c.o(.text)
    PORT0_7_Handler                          0x0000017f   Thumb Code     0  startup_gw1ns4c.o(.text)
    PORT0_8_Handler                          0x0000017f   Thumb Code     0  startup_gw1ns4c.o(.text)
    PORT0_9_Handler                          0x0000017f   Thumb Code     0  startup_gw1ns4c.o(.text)
    PORT0_COMB_Handler                       0x0000017f   Thumb Code     0  startup_gw1ns4c.o(.text)
    RTC_Handler                              0x0000017f   Thumb Code     0  startup_gw1ns4c.o(.text)
    Spare15_Handler                          0x0000017f   Thumb Code     0  startup_gw1ns4c.o(.text)
    TIMER0_Handler                           0x0000017f   Thumb Code     0  startup_gw1ns4c.o(.text)
    TIMER1_Handler                           0x0000017f   Thumb Code     0  startup_gw1ns4c.o(.text)
    UART0_Handler                            0x0000017f   Thumb Code     0  startup_gw1ns4c.o(.text)
    UART1_Handler                            0x0000017f   Thumb Code     0  startup_gw1ns4c.o(.text)
    UARTOVF_Handler                          0x0000017f   Thumb Code     0  startup_gw1ns4c.o(.text)
    USER_INT0_Handler                        0x0000017f   Thumb Code     0  startup_gw1ns4c.o(.text)
    USER_INT1_Handler                        0x0000017f   Thumb Code     0  startup_gw1ns4c.o(.text)
    USER_INT2_Handler                        0x0000017f   Thumb Code     0  startup_gw1ns4c.o(.text)
    USER_INT3_Handler                        0x0000017f   Thumb Code     0  startup_gw1ns4c.o(.text)
    USER_INT4_Handler                        0x0000017f   Thumb Code     0  startup_gw1ns4c.o(.text)
    USER_INT5_Handler                        0x0000017f   Thumb Code     0  startup_gw1ns4c.o(.text)
    __user_initial_stackheap                 0x00000181   Thumb Code    10  startup_gw1ns4c.o(.text)
    __2snprintf                              0x000001a5   Thumb Code    48  noretval__2snprintf.o(.text)
    __printf                                 0x000001d9   Thumb Code   104  __printf.o(.text)
    _printf_int_hex                          0x00000241   Thumb Code    84  _printf_hex_int.o(.text)
    _printf_longlong_hex                     0x00000241   Thumb Code     0  _printf_hex_int.o(.text)
    __use_two_region_memory                  0x00000299   Thumb Code     2  heapauxi.o(.text)
    __rt_heap_escrow$2region                 0x0000029b   Thumb Code     2  heapauxi.o(.text)
    __rt_heap_expand$2region                 0x0000029d   Thumb Code     2  heapauxi.o(.text)
    _printf_int_common                       0x0000029f   Thumb Code   178  _printf_intcommon.o(.text)
    _printf_char_common                      0x0000035b   Thumb Code    32  _printf_char_common.o(.text)
    _sputc                                   0x00000381   Thumb Code    10  _sputc.o(.text)
    _snputc                                  0x0000038b   Thumb Code    16  _snputc.o(.text)
    __user_setup_stackheap                   0x0000039b   Thumb Code    74  sys_stackheap_outer.o(.text)
    exit                                     0x000003e5   Thumb Code    18  exit.o(.text)
    __user_libspace                          0x000003f9   Thumb Code     8  libspace.o(.text)
    __user_perproc_libspace                  0x000003f9   Thumb Code     0  libspace.o(.text)
    __user_perthread_libspace                0x000003f9   Thumb Code     0  libspace.o(.text)
    _sys_exit                                0x00000401   Thumb Code     8  sys_exit.o(.text)
    __I$use$semihosting                      0x0000040d   Thumb Code     0  use_no_semi.o(.text)
    __use_no_semihosting_swi                 0x0000040d   Thumb Code     2  use_no_semi.o(.text)
    __semihosting_library_function           0x0000040f   Thumb Code     0  indicate_semi.o(.text)
    SystemInit                               0x00000411   Thumb Code    32  system_gw1ns4c.o(i.SystemInit)
    UART_Init                                0x00000445   Thumb Code   122  gw1ns4c_uart.o(i.UART_Init)
    UART_SendChar                            0x000004c5   Thumb Code    16  gw1ns4c_uart.o(i.UART_SendChar)
    UART_SendString                          0x000004d5   Thumb Code    28  gw1ns4c_uart.o(i.UART_SendString)
    UartInit                                 0x000004f1   Thumb Code    54  main.o(i.UartInit)
    delay_ms                                 0x00000529   Thumb Code    30  main.o(i.delay_ms)
    getData                                  0x0000054d   Thumb Code     8  ahb_led.o(i.getData)
    main                                     0x00000555   Thumb Code   102  main.o(i.main)
    setData                                  0x000005e9   Thumb Code    12  ahb_led.o(i.setData)
    Region$$Table$$Base                      0x0000061c   Number         0  anon$$obj.o(Region$$Table)
    Region$$Table$$Limit                     0x0000063c   Number         0  anon$$obj.o(Region$$Table)
    SystemCoreClock                          0x20000000   Data           4  system_gw1ns4c.o(.data)
    PCLK1                                    0x20000004   Data           4  system_gw1ns4c.o(.data)
    PCLK2                                    0x20000008   Data           4  system_gw1ns4c.o(.data)
    HCLK                                     0x2000000c   Data           4  system_gw1ns4c.o(.data)
    counter                                  0x20000010   Data           1  main.o(.data)
    currentData                              0x20000011   Data           1  main.o(.data)
    messageBuff                              0x20000014   Data          32  main.o(.bss)
    __libspace_start                         0x20000034   Data          96  libspace.o(.bss)
    __temporary_stack_top$libspace           0x20000094   Data           0  libspace.o(.bss)



==============================================================================

Memory Map of the image

  Image Entry point : 0x00000165

  Load Region LR_1 (Base: 0x00000000, Size: 0x00000650, Max: 0xffffffff, ABSOLUTE)

    Execution Region ER_RO (Exec base: 0x00000000, Load base: 0x00000000, Size: 0x0000063c, Max: 0xffffffff, ABSOLUTE)

    Exec Addr    Load Addr    Size         Type   Attr      Idx    E Section Name        Object

    0x00000000   0x00000000   0x000000c0   Data   RO           19    RESET               startup_gw1ns4c.o
    0x000000c0   0x000000c0   0x00000008   Code   RO         1078  * !!!main             c_w.l(__main.o)
    0x000000c8   0x000000c8   0x00000034   Code   RO         1248    !!!scatter          c_w.l(__scatter.o)
    0x000000fc   0x000000fc   0x0000001a   Code   RO         1250    !!handler_copy      c_w.l(__scatter_copy.o)
    0x00000116   0x00000116   0x00000002   PAD
    0x00000118   0x00000118   0x0000001c   Code   RO         1252    !!handler_zi        c_w.l(__scatter_zi.o)
    0x00000134   0x00000134   0x00000000   Code   RO         1075    .ARM.Collect$$_printf_percent$$00000000  c_w.l(_printf_percent.o)
    0x00000134   0x00000134   0x00000006   Code   RO         1074    .ARM.Collect$$_printf_percent$$0000000C  c_w.l(_printf_x.o)
    0x0000013a   0x0000013a   0x00000004   Code   RO         1089    .ARM.Collect$$_printf_percent$$00000017  c_w.l(_printf_percent_end.o)
    0x0000013e   0x0000013e   0x00000002   Code   RO         1116    .ARM.Collect$$libinit$$00000000  c_w.l(libinit.o)
    0x00000140   0x00000140   0x00000000   Code   RO         1123    .ARM.Collect$$libinit$$00000002  c_w.l(libinit2.o)
    0x00000140   0x00000140   0x00000000   Code   RO         1125    .ARM.Collect$$libinit$$00000004  c_w.l(libinit2.o)
    0x00000140   0x00000140   0x00000000   Code   RO         1128    .ARM.Collect$$libinit$$0000000A  c_w.l(libinit2.o)
    0x00000140   0x00000140   0x00000000   Code   RO         1130    .ARM.Collect$$libinit$$0000000C  c_w.l(libinit2.o)
    0x00000140   0x00000140   0x00000000   Code   RO         1132    .ARM.Collect$$libinit$$0000000E  c_w.l(libinit2.o)
    0x00000140   0x00000140   0x00000000   Code   RO         1135    .ARM.Collect$$libinit$$00000011  c_w.l(libinit2.o)
    0x00000140   0x00000140   0x00000000   Code   RO         1137    .ARM.Collect$$libinit$$00000013  c_w.l(libinit2.o)
    0x00000140   0x00000140   0x00000000   Code   RO         1139    .ARM.Collect$$libinit$$00000015  c_w.l(libinit2.o)
    0x00000140   0x00000140   0x00000000   Code   RO         1141    .ARM.Collect$$libinit$$00000017  c_w.l(libinit2.o)
    0x00000140   0x00000140   0x00000000   Code   RO         1143    .ARM.Collect$$libinit$$00000019  c_w.l(libinit2.o)
    0x00000140   0x00000140   0x00000000   Code   RO         1145    .ARM.Collect$$libinit$$0000001B  c_w.l(libinit2.o)
    0x00000140   0x00000140   0x00000000   Code   RO         1147    .ARM.Collect$$libinit$$0000001D  c_w.l(libinit2.o)
    0x00000140   0x00000140   0x00000000   Code   RO         1149    .ARM.Collect$$libinit$$0000001F  c_w.l(libinit2.o)
    0x00000140   0x00000140   0x00000000   Code   RO         1151    .ARM.Collect$$libinit$$00000021  c_w.l(libinit2.o)
    0x00000140   0x00000140   0x00000000   Code   RO         1153    .ARM.Collect$$libinit$$00000023  c_w.l(libinit2.o)
    0x00000140   0x00000140   0x00000000   Code   RO         1155    .ARM.Collect$$libinit$$00000025  c_w.l(libinit2.o)
    0x00000140   0x00000140   0x00000000   Code   RO         1159    .ARM.Collect$$libinit$$0000002C  c_w.l(libinit2.o)
    0x00000140   0x00000140   0x00000000   Code   RO         1161    .ARM.Collect$$libinit$$0000002E  c_w.l(libinit2.o)
    0x00000140   0x00000140   0x00000000   Code   RO         1163    .ARM.Collect$$libinit$$00000030  c_w.l(libinit2.o)
    0x00000140   0x00000140   0x00000000   Code   RO         1165    .ARM.Collect$$libinit$$00000032  c_w.l(libinit2.o)
    0x00000140   0x00000140   0x00000002   Code   RO         1166    .ARM.Collect$$libinit$$00000033  c_w.l(libinit2.o)
    0x00000142   0x00000142   0x00000002   Code   RO         1186    .ARM.Collect$$libshutdown$$00000000  c_w.l(libshutdown.o)
    0x00000144   0x00000144   0x00000000   Code   RO         1199    .ARM.Collect$$libshutdown$$00000002  c_w.l(libshutdown2.o)
    0x00000144   0x00000144   0x00000000   Code   RO         1201    .ARM.Collect$$libshutdown$$00000004  c_w.l(libshutdown2.o)
    0x00000144   0x00000144   0x00000000   Code   RO         1203    .ARM.Collect$$libshutdown$$00000006  c_w.l(libshutdown2.o)
    0x00000144   0x00000144   0x00000000   Code   RO         1206    .ARM.Collect$$libshutdown$$00000009  c_w.l(libshutdown2.o)
    0x00000144   0x00000144   0x00000000   Code   RO         1209    .ARM.Collect$$libshutdown$$0000000C  c_w.l(libshutdown2.o)
    0x00000144   0x00000144   0x00000000   Code   RO         1211    .ARM.Collect$$libshutdown$$0000000E  c_w.l(libshutdown2.o)
    0x00000144   0x00000144   0x00000000   Code   RO         1214    .ARM.Collect$$libshutdown$$00000011  c_w.l(libshutdown2.o)
    0x00000144   0x00000144   0x00000002   Code   RO         1215    .ARM.Collect$$libshutdown$$00000012  c_w.l(libshutdown2.o)
    0x00000146   0x00000146   0x00000000   Code   RO         1080    .ARM.Collect$$rtentry$$00000000  c_w.l(__rtentry.o)
    0x00000146   0x00000146   0x00000000   Code   RO         1091    .ARM.Collect$$rtentry$$00000002  c_w.l(__rtentry2.o)
    0x00000146   0x00000146   0x00000006   Code   RO         1103    .ARM.Collect$$rtentry$$00000004  c_w.l(__rtentry4.o)
    0x0000014c   0x0000014c   0x00000000   Code   RO         1093    .ARM.Collect$$rtentry$$00000009  c_w.l(__rtentry2.o)
    0x0000014c   0x0000014c   0x00000004   Code   RO         1094    .ARM.Collect$$rtentry$$0000000A  c_w.l(__rtentry2.o)
    0x00000150   0x00000150   0x00000000   Code   RO         1096    .ARM.Collect$$rtentry$$0000000C  c_w.l(__rtentry2.o)
    0x00000150   0x00000150   0x00000008   Code   RO         1097    .ARM.Collect$$rtentry$$0000000D  c_w.l(__rtentry2.o)
    0x00000158   0x00000158   0x00000002   Code   RO         1120    .ARM.Collect$$rtexit$$00000000  c_w.l(rtexit.o)
    0x0000015a   0x0000015a   0x00000000   Code   RO         1168    .ARM.Collect$$rtexit$$00000002  c_w.l(rtexit2.o)
    0x0000015a   0x0000015a   0x00000004   Code   RO         1169    .ARM.Collect$$rtexit$$00000003  c_w.l(rtexit2.o)
    0x0000015e   0x0000015e   0x00000006   Code   RO         1170    .ARM.Collect$$rtexit$$00000004  c_w.l(rtexit2.o)
    0x00000164   0x00000164   0x00000040   Code   RO           20  * .text               startup_gw1ns4c.o
    0x000001a4   0x000001a4   0x00000034   Code   RO         1029    .text               c_w.l(noretval__2snprintf.o)
    0x000001d8   0x000001d8   0x00000068   Code   RO         1031    .text               c_w.l(__printf.o)
    0x00000240   0x00000240   0x00000058   Code   RO         1036    .text               c_w.l(_printf_hex_int.o)
    0x00000298   0x00000298   0x00000006   Code   RO         1076    .text               c_w.l(heapauxi.o)
    0x0000029e   0x0000029e   0x000000b2   Code   RO         1081    .text               c_w.l(_printf_intcommon.o)
    0x00000350   0x00000350   0x00000030   Code   RO         1083    .text               c_w.l(_printf_char_common.o)
    0x00000380   0x00000380   0x0000000a   Code   RO         1085    .text               c_w.l(_sputc.o)
    0x0000038a   0x0000038a   0x00000010   Code   RO         1087    .text               c_w.l(_snputc.o)
    0x0000039a   0x0000039a   0x0000004a   Code   RO         1107    .text               c_w.l(sys_stackheap_outer.o)
    0x000003e4   0x000003e4   0x00000012   Code   RO         1109    .text               c_w.l(exit.o)
    0x000003f6   0x000003f6   0x00000002   PAD
    0x000003f8   0x000003f8   0x00000008   Code   RO         1117    .text               c_w.l(libspace.o)
    0x00000400   0x00000400   0x0000000c   Code   RO         1178    .text               c_w.l(sys_exit.o)
    0x0000040c   0x0000040c   0x00000002   Code   RO         1189    .text               c_w.l(use_no_semi.o)
    0x0000040e   0x0000040e   0x00000000   Code   RO         1191    .text               c_w.l(indicate_semi.o)
    0x0000040e   0x0000040e   0x00000002   PAD
    0x00000410   0x00000410   0x00000034   Code   RO           25    i.SystemInit        system_gw1ns4c.o
    0x00000444   0x00000444   0x00000080   Code   RO          736    i.UART_Init         gw1ns4c_uart.o
    0x000004c4   0x000004c4   0x00000010   Code   RO          738    i.UART_SendChar     gw1ns4c_uart.o
    0x000004d4   0x000004d4   0x0000001c   Code   RO          739    i.UART_SendString   gw1ns4c_uart.o
    0x000004f0   0x000004f0   0x00000036   Code   RO          972    i.UartInit          main.o
    0x00000526   0x00000526   0x00000002   PAD
    0x00000528   0x00000528   0x00000024   Code   RO          973    i.delay_ms          main.o
    0x0000054c   0x0000054c   0x00000008   Code   RO         1007    i.getData           ahb_led.o
    0x00000554   0x00000554   0x00000094   Code   RO          974    i.main              main.o
    0x000005e8   0x000005e8   0x0000000c   Code   RO         1008    i.setData           ahb_led.o
    0x000005f4   0x000005f4   0x00000028   Data   RO         1037    .constdata          c_w.l(_printf_hex_int.o)
    0x0000061c   0x0000061c   0x00000020   Data   RO         1246    Region$$Table       anon$$obj.o


    Execution Region ER_RW (Exec base: 0x20000000, Load base: 0x0000063c, Size: 0x00000014, Max: 0xffffffff, ABSOLUTE)

    Exec Addr    Load Addr    Size         Type   Attr      Idx    E Section Name        Object

    0x20000000   0x0000063c   0x00000010   Data   RW           26    .data               system_gw1ns4c.o
    0x20000010   0x0000064c   0x00000002   Data   RW          976    .data               main.o


    Execution Region ER_ZI (Exec base: 0x20000014, Load base: 0x00000650, Size: 0x00000684, Max: 0xffffffff, ABSOLUTE)

    Exec Addr    Load Addr    Size         Type   Attr      Idx    E Section Name        Object

    0x20000014        -       0x00000020   Zero   RW          975    .bss                main.o
    0x20000034        -       0x00000060   Zero   RW         1118    .bss                c_w.l(libspace.o)
    0x20000094   0x00000650   0x00000004   PAD
    0x20000098        -       0x00000200   Zero   RW           18    HEAP                startup_gw1ns4c.o
    0x20000298        -       0x00000400   Zero   RW           17    STACK               startup_gw1ns4c.o


==============================================================================

Image component sizes


      Code (inc. data)   RO Data    RW Data    ZI Data      Debug   Object Name

        20          0          0          0          0        888   ahb_led.o
         0          0          0          0          0       4540   core_cm3.o
         0          0          0          0          0       8496   gw1ns4c_gpio.o
       172          6          0          0          0       2254   gw1ns4c_uart.o
       238         52          0          2         32       2027   main.o
        64         26        192          0       1536        836   startup_gw1ns4c.o
        52         20          0         16          0        756   system_gw1ns4c.o

    ----------------------------------------------------------------------
       548        104        224         20       1568      19797   Object Totals
         0          0         32          0          0          0   (incl. Generated)
         2          0          0          2          0          0   (incl. Padding)

    ----------------------------------------------------------------------

      Code (inc. data)   RO Data    RW Data    ZI Data      Debug   Library Member Name

         8          0          0          0          0         68   __main.o
       104          0          0          0          0         84   __printf.o
         0          0          0          0          0          0   __rtentry.o
        12          0          0          0          0          0   __rtentry2.o
         6          0          0          0          0          0   __rtentry4.o
        52          8          0          0          0          0   __scatter.o
        26          0          0          0          0          0   __scatter_copy.o
        28          0          0          0          0          0   __scatter_zi.o
        48          6          0          0          0         96   _printf_char_common.o
        88          4         40          0          0         88   _printf_hex_int.o
       178          0          0          0          0         88   _printf_intcommon.o
         0          0          0          0          0          0   _printf_percent.o
         4          0          0          0          0          0   _printf_percent_end.o
         6          0          0          0          0          0   _printf_x.o
        16          0          0          0          0         68   _snputc.o
        10          0          0          0          0         68   _sputc.o
        18          0          0          0          0         80   exit.o
         6          0          0          0          0        152   heapauxi.o
         0          0          0          0          0          0   indicate_semi.o
         2          0          0          0          0          0   libinit.o
         2          0          0          0          0          0   libinit2.o
         2          0          0          0          0          0   libshutdown.o
         2          0          0          0          0          0   libshutdown2.o
         8          4          0          0         96         68   libspace.o
        52          4          0          0          0         84   noretval__2snprintf.o
         2          0          0          0          0          0   rtexit.o
        10          0          0          0          0          0   rtexit2.o
        12          4          0          0          0         68   sys_exit.o
        74          0          0          0          0         80   sys_stackheap_outer.o
         2          0          0          0          0         68   use_no_semi.o

    ----------------------------------------------------------------------
       784         30         40          0        100       1160   Library Totals
         6          0          0          0          4          0   (incl. Padding)

    ----------------------------------------------------------------------

      Code (inc. data)   RO Data    RW Data    ZI Data      Debug   Library Name

       778         30         40          0         96       1160   c_w.l

    ----------------------------------------------------------------------
       784         30         40          0        100       1160   Library Totals

    ----------------------------------------------------------------------

==============================================================================


      Code (inc. data)   RO Data    RW Data    ZI Data      Debug   

      1332        134        264         20       1668      20225   Grand Totals
      1332        134        264         20       1668      20225   ELF Image Totals
      1332        134        264         20          0          0   ROM Totals

==============================================================================

    Total RO  Size (Code + RO Data)                 1596 (   1.56kB)
    Total RW  Size (RW Data + ZI Data)              1688 (   1.65kB)
    Total ROM Size (Code + RO Data + RW Data)       1616 (   1.58kB)

==============================================================================

