<!doctype html public "-//w3c//dtd html 4.0 transitional//en">
<html><head>
<title>Static Call Graph - [.\Objects\nano4k_ahb_led.axf]</title></head>
<body><HR>
<H1>Static Call Graph for image .\Objects\nano4k_ahb_led.axf</H1><HR>
<BR><P>#&#060CALLGRAPH&#062# ARM Linker, 5060960: Last Updated: Mon Jun 13 13:17:50 2022
<BR><P>
<H3>Maximum Stack Usage =        120 bytes + Unknown(Cycles, Untraceable Function Pointers)</H3><H3>
Call chain for Maximum Stack Depth:</H3>
__rt_entry_main &rArr; main &rArr; __2snprintf &rArr; _printf_char_common &rArr; __printf
<P>
<H3>
Mutually Recursive functions
</H3> <LI><a href="#[4]">NMI_Handler</a>&nbsp;&nbsp;&nbsp;&rArr;&nbsp;&nbsp;&nbsp;<a href="#[4]">NMI_Handler</a><BR>
 <LI><a href="#[5]">HardFault_Handler</a>&nbsp;&nbsp;&nbsp;&rArr;&nbsp;&nbsp;&nbsp;<a href="#[5]">HardFault_Handler</a><BR>
 <LI><a href="#[6]">MemManage_Handler</a>&nbsp;&nbsp;&nbsp;&rArr;&nbsp;&nbsp;&nbsp;<a href="#[6]">MemManage_Handler</a><BR>
 <LI><a href="#[7]">BusFault_Handler</a>&nbsp;&nbsp;&nbsp;&rArr;&nbsp;&nbsp;&nbsp;<a href="#[7]">BusFault_Handler</a><BR>
 <LI><a href="#[8]">UsageFault_Handler</a>&nbsp;&nbsp;&nbsp;&rArr;&nbsp;&nbsp;&nbsp;<a href="#[8]">UsageFault_Handler</a><BR>
 <LI><a href="#[9]">SVC_Handler</a>&nbsp;&nbsp;&nbsp;&rArr;&nbsp;&nbsp;&nbsp;<a href="#[9]">SVC_Handler</a><BR>
 <LI><a href="#[a]">DebugMon_Handler</a>&nbsp;&nbsp;&nbsp;&rArr;&nbsp;&nbsp;&nbsp;<a href="#[a]">DebugMon_Handler</a><BR>
 <LI><a href="#[b]">PendSV_Handler</a>&nbsp;&nbsp;&nbsp;&rArr;&nbsp;&nbsp;&nbsp;<a href="#[b]">PendSV_Handler</a><BR>
 <LI><a href="#[c]">SysTick_Handler</a>&nbsp;&nbsp;&nbsp;&rArr;&nbsp;&nbsp;&nbsp;<a href="#[c]">SysTick_Handler</a><BR>
 <LI><a href="#[17]">I2C_Handler</a>&nbsp;&nbsp;&nbsp;&rArr;&nbsp;&nbsp;&nbsp;<a href="#[17]">I2C_Handler</a><BR>
</UL>
<P>
<H3>
Function Pointers
</H3><UL>
 <LI><a href="#[7]">BusFault_Handler</a> from startup_gw1ns4c.o(.text) referenced from startup_gw1ns4c.o(RESET)
 <LI><a href="#[a]">DebugMon_Handler</a> from startup_gw1ns4c.o(.text) referenced from startup_gw1ns4c.o(RESET)
 <LI><a href="#[5]">HardFault_Handler</a> from startup_gw1ns4c.o(.text) referenced from startup_gw1ns4c.o(RESET)
 <LI><a href="#[17]">I2C_Handler</a> from startup_gw1ns4c.o(.text) referenced from startup_gw1ns4c.o(RESET)
 <LI><a href="#[6]">MemManage_Handler</a> from startup_gw1ns4c.o(.text) referenced from startup_gw1ns4c.o(RESET)
 <LI><a href="#[4]">NMI_Handler</a> from startup_gw1ns4c.o(.text) referenced from startup_gw1ns4c.o(RESET)
 <LI><a href="#[1c]">PORT0_0_Handler</a> from startup_gw1ns4c.o(.text) referenced from startup_gw1ns4c.o(RESET)
 <LI><a href="#[26]">PORT0_10_Handler</a> from startup_gw1ns4c.o(.text) referenced from startup_gw1ns4c.o(RESET)
 <LI><a href="#[27]">PORT0_11_Handler</a> from startup_gw1ns4c.o(.text) referenced from startup_gw1ns4c.o(RESET)
 <LI><a href="#[28]">PORT0_12_Handler</a> from startup_gw1ns4c.o(.text) referenced from startup_gw1ns4c.o(RESET)
 <LI><a href="#[29]">PORT0_13_Handler</a> from startup_gw1ns4c.o(.text) referenced from startup_gw1ns4c.o(RESET)
 <LI><a href="#[2a]">PORT0_14_Handler</a> from startup_gw1ns4c.o(.text) referenced from startup_gw1ns4c.o(RESET)
 <LI><a href="#[2b]">PORT0_15_Handler</a> from startup_gw1ns4c.o(.text) referenced from startup_gw1ns4c.o(RESET)
 <LI><a href="#[1d]">PORT0_1_Handler</a> from startup_gw1ns4c.o(.text) referenced from startup_gw1ns4c.o(RESET)
 <LI><a href="#[1e]">PORT0_2_Handler</a> from startup_gw1ns4c.o(.text) referenced from startup_gw1ns4c.o(RESET)
 <LI><a href="#[1f]">PORT0_3_Handler</a> from startup_gw1ns4c.o(.text) referenced from startup_gw1ns4c.o(RESET)
 <LI><a href="#[20]">PORT0_4_Handler</a> from startup_gw1ns4c.o(.text) referenced from startup_gw1ns4c.o(RESET)
 <LI><a href="#[21]">PORT0_5_Handler</a> from startup_gw1ns4c.o(.text) referenced from startup_gw1ns4c.o(RESET)
 <LI><a href="#[22]">PORT0_6_Handler</a> from startup_gw1ns4c.o(.text) referenced from startup_gw1ns4c.o(RESET)
 <LI><a href="#[23]">PORT0_7_Handler</a> from startup_gw1ns4c.o(.text) referenced from startup_gw1ns4c.o(RESET)
 <LI><a href="#[24]">PORT0_8_Handler</a> from startup_gw1ns4c.o(.text) referenced from startup_gw1ns4c.o(RESET)
 <LI><a href="#[25]">PORT0_9_Handler</a> from startup_gw1ns4c.o(.text) referenced from startup_gw1ns4c.o(RESET)
 <LI><a href="#[13]">PORT0_COMB_Handler</a> from startup_gw1ns4c.o(.text) referenced from startup_gw1ns4c.o(RESET)
 <LI><a href="#[b]">PendSV_Handler</a> from startup_gw1ns4c.o(.text) referenced from startup_gw1ns4c.o(RESET)
 <LI><a href="#[12]">RTC_Handler</a> from startup_gw1ns4c.o(.text) referenced from startup_gw1ns4c.o(RESET)
 <LI><a href="#[30]">Reset_Handler</a> from startup_gw1ns4c.o(.text) referenced from startup_gw1ns4c.o(RESET)
 <LI><a href="#[9]">SVC_Handler</a> from startup_gw1ns4c.o(.text) referenced from startup_gw1ns4c.o(RESET)
 <LI><a href="#[1b]">Spare15_Handler</a> from startup_gw1ns4c.o(.text) referenced from startup_gw1ns4c.o(RESET)
 <LI><a href="#[c]">SysTick_Handler</a> from startup_gw1ns4c.o(.text) referenced from startup_gw1ns4c.o(RESET)
 <LI><a href="#[2c]">SystemInit</a> from system_gw1ns4c.o(i.SystemInit) referenced from startup_gw1ns4c.o(.text)
 <LI><a href="#[15]">TIMER0_Handler</a> from startup_gw1ns4c.o(.text) referenced from startup_gw1ns4c.o(RESET)
 <LI><a href="#[16]">TIMER1_Handler</a> from startup_gw1ns4c.o(.text) referenced from startup_gw1ns4c.o(RESET)
 <LI><a href="#[d]">UART0_Handler</a> from startup_gw1ns4c.o(.text) referenced from startup_gw1ns4c.o(RESET)
 <LI><a href="#[f]">UART1_Handler</a> from startup_gw1ns4c.o(.text) referenced from startup_gw1ns4c.o(RESET)
 <LI><a href="#[18]">UARTOVF_Handler</a> from startup_gw1ns4c.o(.text) referenced from startup_gw1ns4c.o(RESET)
 <LI><a href="#[e]">USER_INT0_Handler</a> from startup_gw1ns4c.o(.text) referenced from startup_gw1ns4c.o(RESET)
 <LI><a href="#[10]">USER_INT1_Handler</a> from startup_gw1ns4c.o(.text) referenced from startup_gw1ns4c.o(RESET)
 <LI><a href="#[11]">USER_INT2_Handler</a> from startup_gw1ns4c.o(.text) referenced from startup_gw1ns4c.o(RESET)
 <LI><a href="#[14]">USER_INT3_Handler</a> from startup_gw1ns4c.o(.text) referenced from startup_gw1ns4c.o(RESET)
 <LI><a href="#[19]">USER_INT4_Handler</a> from startup_gw1ns4c.o(.text) referenced from startup_gw1ns4c.o(RESET)
 <LI><a href="#[1a]">USER_INT5_Handler</a> from startup_gw1ns4c.o(.text) referenced from startup_gw1ns4c.o(RESET)
 <LI><a href="#[8]">UsageFault_Handler</a> from startup_gw1ns4c.o(.text) referenced from startup_gw1ns4c.o(RESET)
 <LI><a href="#[31]">__main</a> from __main.o(!!!main) referenced from startup_gw1ns4c.o(.text)
 <LI><a href="#[2f]">_printf_input_char</a> from _printf_char_common.o(.text) referenced from _printf_char_common.o(.text)
 <LI><a href="#[2e]">_snputc</a> from _snputc.o(.text) referenced from noretval__2snprintf.o(.text)
</UL>
<P>
<H3>
Global Symbols
</H3>
<P><STRONG><a name="[31]"></a>__main</STRONG> (Thumb, 8 bytes, Stack size 0 bytes, __main.o(!!!main))
<BR><BR>[Calls]<UL><LI><a href="#[33]">&gt;&gt;</a>&nbsp;&nbsp;&nbsp;__scatterload
<LI><a href="#[34]">&gt;&gt;</a>&nbsp;&nbsp;&nbsp;__rt_entry
</UL>

<P><STRONG><a name="[33]"></a>__scatterload</STRONG> (Thumb, 0 bytes, Stack size unknown bytes, __scatter.o(!!!scatter))
<BR><BR>[Called By]<UL><LI><a href="#[31]">&gt;&gt;</a>&nbsp;&nbsp;&nbsp;__main
</UL>

<P><STRONG><a name="[35]"></a>__scatterload_rt2</STRONG> (Thumb, 44 bytes, Stack size unknown bytes, __scatter.o(!!!scatter), UNUSED)
<BR><BR>[Calls]<UL><LI><a href="#[34]">&gt;&gt;</a>&nbsp;&nbsp;&nbsp;__rt_entry
</UL>

<P><STRONG><a name="[53]"></a>__scatterload_rt2_thumb_only</STRONG> (Thumb, 0 bytes, Stack size unknown bytes, __scatter.o(!!!scatter), UNUSED)

<P><STRONG><a name="[54]"></a>__scatterload_null</STRONG> (Thumb, 0 bytes, Stack size unknown bytes, __scatter.o(!!!scatter), UNUSED)

<P><STRONG><a name="[36]"></a>__scatterload_copy</STRONG> (Thumb, 26 bytes, Stack size unknown bytes, __scatter_copy.o(!!handler_copy), UNUSED)
<BR><BR>[Calls]<UL><LI><a href="#[36]">&gt;&gt;</a>&nbsp;&nbsp;&nbsp;__scatterload_copy
</UL>
<BR>[Called By]<UL><LI><a href="#[36]">&gt;&gt;</a>&nbsp;&nbsp;&nbsp;__scatterload_copy
</UL>

<P><STRONG><a name="[55]"></a>__scatterload_zeroinit</STRONG> (Thumb, 28 bytes, Stack size unknown bytes, __scatter_zi.o(!!handler_zi), UNUSED)

<P><STRONG><a name="[48]"></a>_printf_percent</STRONG> (Thumb, 0 bytes, Stack size unknown bytes, _printf_percent.o(.ARM.Collect$$_printf_percent$$00000000))
<BR><BR>[Called By]<UL><LI><a href="#[47]">&gt;&gt;</a>&nbsp;&nbsp;&nbsp;__printf
</UL>

<P><STRONG><a name="[37]"></a>_printf_x</STRONG> (Thumb, 0 bytes, Stack size unknown bytes, _printf_x.o(.ARM.Collect$$_printf_percent$$0000000C))
<BR><BR>[Stack]<UL><LI>Max Depth = 48 + Unknown Stack Size
<LI>Call Chain = _printf_x &rArr; _printf_int_hex &rArr; _printf_int_common
</UL>
<BR>[Calls]<UL><LI><a href="#[38]">&gt;&gt;</a>&nbsp;&nbsp;&nbsp;_printf_int_hex
</UL>

<P><STRONG><a name="[56]"></a>_printf_percent_end</STRONG> (Thumb, 0 bytes, Stack size unknown bytes, _printf_percent_end.o(.ARM.Collect$$_printf_percent$$00000017))

<P><STRONG><a name="[3c]"></a>__rt_lib_init</STRONG> (Thumb, 0 bytes, Stack size unknown bytes, libinit.o(.ARM.Collect$$libinit$$00000000))
<BR><BR>[Called By]<UL><LI><a href="#[3b]">&gt;&gt;</a>&nbsp;&nbsp;&nbsp;__rt_entry_li
</UL>

<P><STRONG><a name="[57]"></a>__rt_lib_init_alloca_1</STRONG> (Thumb, 0 bytes, Stack size unknown bytes, libinit2.o(.ARM.Collect$$libinit$$0000002E))

<P><STRONG><a name="[58]"></a>__rt_lib_init_argv_1</STRONG> (Thumb, 0 bytes, Stack size unknown bytes, libinit2.o(.ARM.Collect$$libinit$$0000002C))

<P><STRONG><a name="[59]"></a>__rt_lib_init_atexit_1</STRONG> (Thumb, 0 bytes, Stack size unknown bytes, libinit2.o(.ARM.Collect$$libinit$$0000001B))

<P><STRONG><a name="[5a]"></a>__rt_lib_init_clock_1</STRONG> (Thumb, 0 bytes, Stack size unknown bytes, libinit2.o(.ARM.Collect$$libinit$$00000021))

<P><STRONG><a name="[5b]"></a>__rt_lib_init_cpp_1</STRONG> (Thumb, 0 bytes, Stack size unknown bytes, libinit2.o(.ARM.Collect$$libinit$$00000032))

<P><STRONG><a name="[5c]"></a>__rt_lib_init_exceptions_1</STRONG> (Thumb, 0 bytes, Stack size unknown bytes, libinit2.o(.ARM.Collect$$libinit$$00000030))

<P><STRONG><a name="[5d]"></a>__rt_lib_init_fp_1</STRONG> (Thumb, 0 bytes, Stack size unknown bytes, libinit2.o(.ARM.Collect$$libinit$$00000002))

<P><STRONG><a name="[5e]"></a>__rt_lib_init_fp_trap_1</STRONG> (Thumb, 0 bytes, Stack size unknown bytes, libinit2.o(.ARM.Collect$$libinit$$0000001F))

<P><STRONG><a name="[5f]"></a>__rt_lib_init_getenv_1</STRONG> (Thumb, 0 bytes, Stack size unknown bytes, libinit2.o(.ARM.Collect$$libinit$$00000023))

<P><STRONG><a name="[60]"></a>__rt_lib_init_heap_1</STRONG> (Thumb, 0 bytes, Stack size unknown bytes, libinit2.o(.ARM.Collect$$libinit$$0000000A))

<P><STRONG><a name="[61]"></a>__rt_lib_init_lc_collate_1</STRONG> (Thumb, 0 bytes, Stack size unknown bytes, libinit2.o(.ARM.Collect$$libinit$$00000011))

<P><STRONG><a name="[62]"></a>__rt_lib_init_lc_ctype_1</STRONG> (Thumb, 0 bytes, Stack size unknown bytes, libinit2.o(.ARM.Collect$$libinit$$00000013))

<P><STRONG><a name="[63]"></a>__rt_lib_init_lc_monetary_1</STRONG> (Thumb, 0 bytes, Stack size unknown bytes, libinit2.o(.ARM.Collect$$libinit$$00000015))

<P><STRONG><a name="[64]"></a>__rt_lib_init_lc_numeric_1</STRONG> (Thumb, 0 bytes, Stack size unknown bytes, libinit2.o(.ARM.Collect$$libinit$$00000017))

<P><STRONG><a name="[65]"></a>__rt_lib_init_lc_time_1</STRONG> (Thumb, 0 bytes, Stack size unknown bytes, libinit2.o(.ARM.Collect$$libinit$$00000019))

<P><STRONG><a name="[66]"></a>__rt_lib_init_preinit_1</STRONG> (Thumb, 0 bytes, Stack size unknown bytes, libinit2.o(.ARM.Collect$$libinit$$00000004))

<P><STRONG><a name="[67]"></a>__rt_lib_init_rand_1</STRONG> (Thumb, 0 bytes, Stack size unknown bytes, libinit2.o(.ARM.Collect$$libinit$$0000000E))

<P><STRONG><a name="[68]"></a>__rt_lib_init_return</STRONG> (Thumb, 0 bytes, Stack size unknown bytes, libinit2.o(.ARM.Collect$$libinit$$00000033))

<P><STRONG><a name="[69]"></a>__rt_lib_init_signal_1</STRONG> (Thumb, 0 bytes, Stack size unknown bytes, libinit2.o(.ARM.Collect$$libinit$$0000001D))

<P><STRONG><a name="[6a]"></a>__rt_lib_init_stdio_1</STRONG> (Thumb, 0 bytes, Stack size unknown bytes, libinit2.o(.ARM.Collect$$libinit$$00000025))

<P><STRONG><a name="[6b]"></a>__rt_lib_init_user_alloc_1</STRONG> (Thumb, 0 bytes, Stack size unknown bytes, libinit2.o(.ARM.Collect$$libinit$$0000000C))

<P><STRONG><a name="[41]"></a>__rt_lib_shutdown</STRONG> (Thumb, 0 bytes, Stack size unknown bytes, libshutdown.o(.ARM.Collect$$libshutdown$$00000000))
<BR><BR>[Called By]<UL><LI><a href="#[40]">&gt;&gt;</a>&nbsp;&nbsp;&nbsp;__rt_exit_ls
</UL>

<P><STRONG><a name="[6c]"></a>__rt_lib_shutdown_cpp_1</STRONG> (Thumb, 0 bytes, Stack size unknown bytes, libshutdown2.o(.ARM.Collect$$libshutdown$$00000004))

<P><STRONG><a name="[6d]"></a>__rt_lib_shutdown_fini_1</STRONG> (Thumb, 0 bytes, Stack size unknown bytes, libshutdown2.o(.ARM.Collect$$libshutdown$$00000002))

<P><STRONG><a name="[6e]"></a>__rt_lib_shutdown_fp_trap_1</STRONG> (Thumb, 0 bytes, Stack size unknown bytes, libshutdown2.o(.ARM.Collect$$libshutdown$$00000009))

<P><STRONG><a name="[6f]"></a>__rt_lib_shutdown_heap_1</STRONG> (Thumb, 0 bytes, Stack size unknown bytes, libshutdown2.o(.ARM.Collect$$libshutdown$$00000011))

<P><STRONG><a name="[70]"></a>__rt_lib_shutdown_return</STRONG> (Thumb, 0 bytes, Stack size unknown bytes, libshutdown2.o(.ARM.Collect$$libshutdown$$00000012))

<P><STRONG><a name="[71]"></a>__rt_lib_shutdown_signal_1</STRONG> (Thumb, 0 bytes, Stack size unknown bytes, libshutdown2.o(.ARM.Collect$$libshutdown$$0000000C))

<P><STRONG><a name="[72]"></a>__rt_lib_shutdown_stdio_1</STRONG> (Thumb, 0 bytes, Stack size unknown bytes, libshutdown2.o(.ARM.Collect$$libshutdown$$00000006))

<P><STRONG><a name="[73]"></a>__rt_lib_shutdown_user_alloc_1</STRONG> (Thumb, 0 bytes, Stack size unknown bytes, libshutdown2.o(.ARM.Collect$$libshutdown$$0000000E))

<P><STRONG><a name="[34]"></a>__rt_entry</STRONG> (Thumb, 0 bytes, Stack size unknown bytes, __rtentry.o(.ARM.Collect$$rtentry$$00000000))
<BR><BR>[Called By]<UL><LI><a href="#[35]">&gt;&gt;</a>&nbsp;&nbsp;&nbsp;__scatterload_rt2
<LI><a href="#[31]">&gt;&gt;</a>&nbsp;&nbsp;&nbsp;__main
</UL>

<P><STRONG><a name="[74]"></a>__rt_entry_presh_1</STRONG> (Thumb, 0 bytes, Stack size unknown bytes, __rtentry2.o(.ARM.Collect$$rtentry$$00000002))

<P><STRONG><a name="[39]"></a>__rt_entry_sh</STRONG> (Thumb, 0 bytes, Stack size unknown bytes, __rtentry4.o(.ARM.Collect$$rtentry$$00000004))
<BR><BR>[Stack]<UL><LI>Max Depth = 8 + Unknown Stack Size
<LI>Call Chain = __rt_entry_sh &rArr; __user_setup_stackheap
</UL>
<BR>[Calls]<UL><LI><a href="#[3a]">&gt;&gt;</a>&nbsp;&nbsp;&nbsp;__user_setup_stackheap
</UL>

<P><STRONG><a name="[3b]"></a>__rt_entry_li</STRONG> (Thumb, 0 bytes, Stack size unknown bytes, __rtentry2.o(.ARM.Collect$$rtentry$$0000000A))
<BR><BR>[Calls]<UL><LI><a href="#[3c]">&gt;&gt;</a>&nbsp;&nbsp;&nbsp;__rt_lib_init
</UL>

<P><STRONG><a name="[75]"></a>__rt_entry_postsh_1</STRONG> (Thumb, 0 bytes, Stack size unknown bytes, __rtentry2.o(.ARM.Collect$$rtentry$$00000009))

<P><STRONG><a name="[3d]"></a>__rt_entry_main</STRONG> (Thumb, 0 bytes, Stack size unknown bytes, __rtentry2.o(.ARM.Collect$$rtentry$$0000000D))
<BR><BR>[Stack]<UL><LI>Max Depth = 120 + Unknown Stack Size
<LI>Call Chain = __rt_entry_main &rArr; main &rArr; __2snprintf &rArr; _printf_char_common &rArr; __printf
</UL>
<BR>[Calls]<UL><LI><a href="#[3f]">&gt;&gt;</a>&nbsp;&nbsp;&nbsp;exit
<LI><a href="#[3e]">&gt;&gt;</a>&nbsp;&nbsp;&nbsp;main
</UL>

<P><STRONG><a name="[76]"></a>__rt_entry_postli_1</STRONG> (Thumb, 0 bytes, Stack size unknown bytes, __rtentry2.o(.ARM.Collect$$rtentry$$0000000C))

<P><STRONG><a name="[4b]"></a>__rt_exit</STRONG> (Thumb, 0 bytes, Stack size unknown bytes, rtexit.o(.ARM.Collect$$rtexit$$00000000))
<BR><BR>[Called By]<UL><LI><a href="#[3f]">&gt;&gt;</a>&nbsp;&nbsp;&nbsp;exit
</UL>

<P><STRONG><a name="[40]"></a>__rt_exit_ls</STRONG> (Thumb, 0 bytes, Stack size unknown bytes, rtexit2.o(.ARM.Collect$$rtexit$$00000003))
<BR><BR>[Calls]<UL><LI><a href="#[41]">&gt;&gt;</a>&nbsp;&nbsp;&nbsp;__rt_lib_shutdown
</UL>

<P><STRONG><a name="[77]"></a>__rt_exit_prels_1</STRONG> (Thumb, 0 bytes, Stack size unknown bytes, rtexit2.o(.ARM.Collect$$rtexit$$00000002))

<P><STRONG><a name="[42]"></a>__rt_exit_exit</STRONG> (Thumb, 0 bytes, Stack size unknown bytes, rtexit2.o(.ARM.Collect$$rtexit$$00000004))
<BR><BR>[Calls]<UL><LI><a href="#[43]">&gt;&gt;</a>&nbsp;&nbsp;&nbsp;_sys_exit
</UL>

<P><STRONG><a name="[30]"></a>Reset_Handler</STRONG> (Thumb, 8 bytes, Stack size 0 bytes, startup_gw1ns4c.o(.text))

<P><STRONG><a name="[4]"></a>NMI_Handler</STRONG> (Thumb, 2 bytes, Stack size 0 bytes, startup_gw1ns4c.o(.text))
<BR><BR>[Calls]<UL><LI><a href="#[4]">&gt;&gt;</a>&nbsp;&nbsp;&nbsp;NMI_Handler
</UL>
<BR>[Called By]<UL><LI><a href="#[4]">&gt;&gt;</a>&nbsp;&nbsp;&nbsp;NMI_Handler
</UL>
<BR>[Address Reference Count : 1]<UL><LI> startup_gw1ns4c.o(RESET)
</UL>
<P><STRONG><a name="[5]"></a>HardFault_Handler</STRONG> (Thumb, 2 bytes, Stack size 0 bytes, startup_gw1ns4c.o(.text))
<BR><BR>[Calls]<UL><LI><a href="#[5]">&gt;&gt;</a>&nbsp;&nbsp;&nbsp;HardFault_Handler
</UL>
<BR>[Called By]<UL><LI><a href="#[5]">&gt;&gt;</a>&nbsp;&nbsp;&nbsp;HardFault_Handler
</UL>
<BR>[Address Reference Count : 1]<UL><LI> startup_gw1ns4c.o(RESET)
</UL>
<P><STRONG><a name="[6]"></a>MemManage_Handler</STRONG> (Thumb, 2 bytes, Stack size 0 bytes, startup_gw1ns4c.o(.text))
<BR><BR>[Calls]<UL><LI><a href="#[6]">&gt;&gt;</a>&nbsp;&nbsp;&nbsp;MemManage_Handler
</UL>
<BR>[Called By]<UL><LI><a href="#[6]">&gt;&gt;</a>&nbsp;&nbsp;&nbsp;MemManage_Handler
</UL>
<BR>[Address Reference Count : 1]<UL><LI> startup_gw1ns4c.o(RESET)
</UL>
<P><STRONG><a name="[7]"></a>BusFault_Handler</STRONG> (Thumb, 2 bytes, Stack size 0 bytes, startup_gw1ns4c.o(.text))
<BR><BR>[Calls]<UL><LI><a href="#[7]">&gt;&gt;</a>&nbsp;&nbsp;&nbsp;BusFault_Handler
</UL>
<BR>[Called By]<UL><LI><a href="#[7]">&gt;&gt;</a>&nbsp;&nbsp;&nbsp;BusFault_Handler
</UL>
<BR>[Address Reference Count : 1]<UL><LI> startup_gw1ns4c.o(RESET)
</UL>
<P><STRONG><a name="[8]"></a>UsageFault_Handler</STRONG> (Thumb, 2 bytes, Stack size 0 bytes, startup_gw1ns4c.o(.text))
<BR><BR>[Calls]<UL><LI><a href="#[8]">&gt;&gt;</a>&nbsp;&nbsp;&nbsp;UsageFault_Handler
</UL>
<BR>[Called By]<UL><LI><a href="#[8]">&gt;&gt;</a>&nbsp;&nbsp;&nbsp;UsageFault_Handler
</UL>
<BR>[Address Reference Count : 1]<UL><LI> startup_gw1ns4c.o(RESET)
</UL>
<P><STRONG><a name="[9]"></a>SVC_Handler</STRONG> (Thumb, 2 bytes, Stack size 0 bytes, startup_gw1ns4c.o(.text))
<BR><BR>[Calls]<UL><LI><a href="#[9]">&gt;&gt;</a>&nbsp;&nbsp;&nbsp;SVC_Handler
</UL>
<BR>[Called By]<UL><LI><a href="#[9]">&gt;&gt;</a>&nbsp;&nbsp;&nbsp;SVC_Handler
</UL>
<BR>[Address Reference Count : 1]<UL><LI> startup_gw1ns4c.o(RESET)
</UL>
<P><STRONG><a name="[a]"></a>DebugMon_Handler</STRONG> (Thumb, 2 bytes, Stack size 0 bytes, startup_gw1ns4c.o(.text))
<BR><BR>[Calls]<UL><LI><a href="#[a]">&gt;&gt;</a>&nbsp;&nbsp;&nbsp;DebugMon_Handler
</UL>
<BR>[Called By]<UL><LI><a href="#[a]">&gt;&gt;</a>&nbsp;&nbsp;&nbsp;DebugMon_Handler
</UL>
<BR>[Address Reference Count : 1]<UL><LI> startup_gw1ns4c.o(RESET)
</UL>
<P><STRONG><a name="[b]"></a>PendSV_Handler</STRONG> (Thumb, 2 bytes, Stack size 0 bytes, startup_gw1ns4c.o(.text))
<BR><BR>[Calls]<UL><LI><a href="#[b]">&gt;&gt;</a>&nbsp;&nbsp;&nbsp;PendSV_Handler
</UL>
<BR>[Called By]<UL><LI><a href="#[b]">&gt;&gt;</a>&nbsp;&nbsp;&nbsp;PendSV_Handler
</UL>
<BR>[Address Reference Count : 1]<UL><LI> startup_gw1ns4c.o(RESET)
</UL>
<P><STRONG><a name="[c]"></a>SysTick_Handler</STRONG> (Thumb, 2 bytes, Stack size 0 bytes, startup_gw1ns4c.o(.text))
<BR><BR>[Calls]<UL><LI><a href="#[c]">&gt;&gt;</a>&nbsp;&nbsp;&nbsp;SysTick_Handler
</UL>
<BR>[Called By]<UL><LI><a href="#[c]">&gt;&gt;</a>&nbsp;&nbsp;&nbsp;SysTick_Handler
</UL>
<BR>[Address Reference Count : 1]<UL><LI> startup_gw1ns4c.o(RESET)
</UL>
<P><STRONG><a name="[17]"></a>I2C_Handler</STRONG> (Thumb, 0 bytes, Stack size 0 bytes, startup_gw1ns4c.o(.text))
<BR><BR>[Calls]<UL><LI><a href="#[17]">&gt;&gt;</a>&nbsp;&nbsp;&nbsp;I2C_Handler
</UL>
<BR>[Called By]<UL><LI><a href="#[17]">&gt;&gt;</a>&nbsp;&nbsp;&nbsp;I2C_Handler
</UL>
<BR>[Address Reference Count : 1]<UL><LI> startup_gw1ns4c.o(RESET)
</UL>
<P><STRONG><a name="[1c]"></a>PORT0_0_Handler</STRONG> (Thumb, 0 bytes, Stack size 0 bytes, startup_gw1ns4c.o(.text))
<BR>[Address Reference Count : 1]<UL><LI> startup_gw1ns4c.o(RESET)
</UL>
<P><STRONG><a name="[26]"></a>PORT0_10_Handler</STRONG> (Thumb, 0 bytes, Stack size 0 bytes, startup_gw1ns4c.o(.text))
<BR>[Address Reference Count : 1]<UL><LI> startup_gw1ns4c.o(RESET)
</UL>
<P><STRONG><a name="[27]"></a>PORT0_11_Handler</STRONG> (Thumb, 0 bytes, Stack size 0 bytes, startup_gw1ns4c.o(.text))
<BR>[Address Reference Count : 1]<UL><LI> startup_gw1ns4c.o(RESET)
</UL>
<P><STRONG><a name="[28]"></a>PORT0_12_Handler</STRONG> (Thumb, 0 bytes, Stack size 0 bytes, startup_gw1ns4c.o(.text))
<BR>[Address Reference Count : 1]<UL><LI> startup_gw1ns4c.o(RESET)
</UL>
<P><STRONG><a name="[29]"></a>PORT0_13_Handler</STRONG> (Thumb, 0 bytes, Stack size 0 bytes, startup_gw1ns4c.o(.text))
<BR>[Address Reference Count : 1]<UL><LI> startup_gw1ns4c.o(RESET)
</UL>
<P><STRONG><a name="[2a]"></a>PORT0_14_Handler</STRONG> (Thumb, 0 bytes, Stack size 0 bytes, startup_gw1ns4c.o(.text))
<BR>[Address Reference Count : 1]<UL><LI> startup_gw1ns4c.o(RESET)
</UL>
<P><STRONG><a name="[2b]"></a>PORT0_15_Handler</STRONG> (Thumb, 0 bytes, Stack size 0 bytes, startup_gw1ns4c.o(.text))
<BR>[Address Reference Count : 1]<UL><LI> startup_gw1ns4c.o(RESET)
</UL>
<P><STRONG><a name="[1d]"></a>PORT0_1_Handler</STRONG> (Thumb, 0 bytes, Stack size 0 bytes, startup_gw1ns4c.o(.text))
<BR>[Address Reference Count : 1]<UL><LI> startup_gw1ns4c.o(RESET)
</UL>
<P><STRONG><a name="[1e]"></a>PORT0_2_Handler</STRONG> (Thumb, 0 bytes, Stack size 0 bytes, startup_gw1ns4c.o(.text))
<BR>[Address Reference Count : 1]<UL><LI> startup_gw1ns4c.o(RESET)
</UL>
<P><STRONG><a name="[1f]"></a>PORT0_3_Handler</STRONG> (Thumb, 0 bytes, Stack size 0 bytes, startup_gw1ns4c.o(.text))
<BR>[Address Reference Count : 1]<UL><LI> startup_gw1ns4c.o(RESET)
</UL>
<P><STRONG><a name="[20]"></a>PORT0_4_Handler</STRONG> (Thumb, 0 bytes, Stack size 0 bytes, startup_gw1ns4c.o(.text))
<BR>[Address Reference Count : 1]<UL><LI> startup_gw1ns4c.o(RESET)
</UL>
<P><STRONG><a name="[21]"></a>PORT0_5_Handler</STRONG> (Thumb, 0 bytes, Stack size 0 bytes, startup_gw1ns4c.o(.text))
<BR>[Address Reference Count : 1]<UL><LI> startup_gw1ns4c.o(RESET)
</UL>
<P><STRONG><a name="[22]"></a>PORT0_6_Handler</STRONG> (Thumb, 0 bytes, Stack size 0 bytes, startup_gw1ns4c.o(.text))
<BR>[Address Reference Count : 1]<UL><LI> startup_gw1ns4c.o(RESET)
</UL>
<P><STRONG><a name="[23]"></a>PORT0_7_Handler</STRONG> (Thumb, 0 bytes, Stack size 0 bytes, startup_gw1ns4c.o(.text))
<BR>[Address Reference Count : 1]<UL><LI> startup_gw1ns4c.o(RESET)
</UL>
<P><STRONG><a name="[24]"></a>PORT0_8_Handler</STRONG> (Thumb, 0 bytes, Stack size 0 bytes, startup_gw1ns4c.o(.text))
<BR>[Address Reference Count : 1]<UL><LI> startup_gw1ns4c.o(RESET)
</UL>
<P><STRONG><a name="[25]"></a>PORT0_9_Handler</STRONG> (Thumb, 0 bytes, Stack size 0 bytes, startup_gw1ns4c.o(.text))
<BR>[Address Reference Count : 1]<UL><LI> startup_gw1ns4c.o(RESET)
</UL>
<P><STRONG><a name="[13]"></a>PORT0_COMB_Handler</STRONG> (Thumb, 0 bytes, Stack size 0 bytes, startup_gw1ns4c.o(.text))
<BR>[Address Reference Count : 1]<UL><LI> startup_gw1ns4c.o(RESET)
</UL>
<P><STRONG><a name="[12]"></a>RTC_Handler</STRONG> (Thumb, 0 bytes, Stack size 0 bytes, startup_gw1ns4c.o(.text))
<BR>[Address Reference Count : 1]<UL><LI> startup_gw1ns4c.o(RESET)
</UL>
<P><STRONG><a name="[1b]"></a>Spare15_Handler</STRONG> (Thumb, 0 bytes, Stack size 0 bytes, startup_gw1ns4c.o(.text))
<BR>[Address Reference Count : 1]<UL><LI> startup_gw1ns4c.o(RESET)
</UL>
<P><STRONG><a name="[15]"></a>TIMER0_Handler</STRONG> (Thumb, 0 bytes, Stack size 0 bytes, startup_gw1ns4c.o(.text))
<BR>[Address Reference Count : 1]<UL><LI> startup_gw1ns4c.o(RESET)
</UL>
<P><STRONG><a name="[16]"></a>TIMER1_Handler</STRONG> (Thumb, 0 bytes, Stack size 0 bytes, startup_gw1ns4c.o(.text))
<BR>[Address Reference Count : 1]<UL><LI> startup_gw1ns4c.o(RESET)
</UL>
<P><STRONG><a name="[d]"></a>UART0_Handler</STRONG> (Thumb, 0 bytes, Stack size 0 bytes, startup_gw1ns4c.o(.text))
<BR>[Address Reference Count : 1]<UL><LI> startup_gw1ns4c.o(RESET)
</UL>
<P><STRONG><a name="[f]"></a>UART1_Handler</STRONG> (Thumb, 0 bytes, Stack size 0 bytes, startup_gw1ns4c.o(.text))
<BR>[Address Reference Count : 1]<UL><LI> startup_gw1ns4c.o(RESET)
</UL>
<P><STRONG><a name="[18]"></a>UARTOVF_Handler</STRONG> (Thumb, 0 bytes, Stack size 0 bytes, startup_gw1ns4c.o(.text))
<BR>[Address Reference Count : 1]<UL><LI> startup_gw1ns4c.o(RESET)
</UL>
<P><STRONG><a name="[e]"></a>USER_INT0_Handler</STRONG> (Thumb, 0 bytes, Stack size 0 bytes, startup_gw1ns4c.o(.text))
<BR>[Address Reference Count : 1]<UL><LI> startup_gw1ns4c.o(RESET)
</UL>
<P><STRONG><a name="[10]"></a>USER_INT1_Handler</STRONG> (Thumb, 0 bytes, Stack size 0 bytes, startup_gw1ns4c.o(.text))
<BR>[Address Reference Count : 1]<UL><LI> startup_gw1ns4c.o(RESET)
</UL>
<P><STRONG><a name="[11]"></a>USER_INT2_Handler</STRONG> (Thumb, 0 bytes, Stack size 0 bytes, startup_gw1ns4c.o(.text))
<BR>[Address Reference Count : 1]<UL><LI> startup_gw1ns4c.o(RESET)
</UL>
<P><STRONG><a name="[14]"></a>USER_INT3_Handler</STRONG> (Thumb, 0 bytes, Stack size 0 bytes, startup_gw1ns4c.o(.text))
<BR>[Address Reference Count : 1]<UL><LI> startup_gw1ns4c.o(RESET)
</UL>
<P><STRONG><a name="[19]"></a>USER_INT4_Handler</STRONG> (Thumb, 0 bytes, Stack size 0 bytes, startup_gw1ns4c.o(.text))
<BR>[Address Reference Count : 1]<UL><LI> startup_gw1ns4c.o(RESET)
</UL>
<P><STRONG><a name="[1a]"></a>USER_INT5_Handler</STRONG> (Thumb, 0 bytes, Stack size 0 bytes, startup_gw1ns4c.o(.text))
<BR>[Address Reference Count : 1]<UL><LI> startup_gw1ns4c.o(RESET)
</UL>
<P><STRONG><a name="[32]"></a>__user_initial_stackheap</STRONG> (Thumb, 10 bytes, Stack size 0 bytes, startup_gw1ns4c.o(.text))
<BR><BR>[Called By]<UL><LI><a href="#[3a]">&gt;&gt;</a>&nbsp;&nbsp;&nbsp;__user_setup_stackheap
</UL>

<P><STRONG><a name="[44]"></a>__2snprintf</STRONG> (Thumb, 48 bytes, Stack size 32 bytes, noretval__2snprintf.o(.text))
<BR><BR>[Stack]<UL><LI>Max Depth = 120 + Unknown Stack Size
<LI>Call Chain = __2snprintf &rArr; _printf_char_common &rArr; __printf
</UL>
<BR>[Calls]<UL><LI><a href="#[46]">&gt;&gt;</a>&nbsp;&nbsp;&nbsp;_sputc
<LI><a href="#[45]">&gt;&gt;</a>&nbsp;&nbsp;&nbsp;_printf_char_common
</UL>
<BR>[Called By]<UL><LI><a href="#[3e]">&gt;&gt;</a>&nbsp;&nbsp;&nbsp;main
</UL>

<P><STRONG><a name="[47]"></a>__printf</STRONG> (Thumb, 104 bytes, Stack size 24 bytes, __printf.o(.text))
<BR><BR>[Stack]<UL><LI>Max Depth = 24 + Unknown Stack Size
<LI>Call Chain = __printf
</UL>
<BR>[Calls]<UL><LI><a href="#[48]">&gt;&gt;</a>&nbsp;&nbsp;&nbsp;_printf_percent
</UL>
<BR>[Called By]<UL><LI><a href="#[45]">&gt;&gt;</a>&nbsp;&nbsp;&nbsp;_printf_char_common
</UL>

<P><STRONG><a name="[38]"></a>_printf_int_hex</STRONG> (Thumb, 84 bytes, Stack size 16 bytes, _printf_hex_int.o(.text))
<BR><BR>[Stack]<UL><LI>Max Depth = 48<LI>Call Chain = _printf_int_hex &rArr; _printf_int_common
</UL>
<BR>[Calls]<UL><LI><a href="#[49]">&gt;&gt;</a>&nbsp;&nbsp;&nbsp;_printf_int_common
</UL>
<BR>[Called By]<UL><LI><a href="#[37]">&gt;&gt;</a>&nbsp;&nbsp;&nbsp;_printf_x
</UL>

<P><STRONG><a name="[78]"></a>_printf_longlong_hex</STRONG> (Thumb, 0 bytes, Stack size 16 bytes, _printf_hex_int.o(.text), UNUSED)

<P><STRONG><a name="[79]"></a>__use_two_region_memory</STRONG> (Thumb, 2 bytes, Stack size 0 bytes, heapauxi.o(.text), UNUSED)

<P><STRONG><a name="[7a]"></a>__rt_heap_escrow$2region</STRONG> (Thumb, 2 bytes, Stack size 0 bytes, heapauxi.o(.text), UNUSED)

<P><STRONG><a name="[7b]"></a>__rt_heap_expand$2region</STRONG> (Thumb, 2 bytes, Stack size 0 bytes, heapauxi.o(.text), UNUSED)

<P><STRONG><a name="[49]"></a>_printf_int_common</STRONG> (Thumb, 178 bytes, Stack size 32 bytes, _printf_intcommon.o(.text))
<BR><BR>[Stack]<UL><LI>Max Depth = 32<LI>Call Chain = _printf_int_common
</UL>
<BR>[Called By]<UL><LI><a href="#[38]">&gt;&gt;</a>&nbsp;&nbsp;&nbsp;_printf_int_hex
</UL>

<P><STRONG><a name="[45]"></a>_printf_char_common</STRONG> (Thumb, 32 bytes, Stack size 64 bytes, _printf_char_common.o(.text))
<BR><BR>[Stack]<UL><LI>Max Depth = 88 + Unknown Stack Size
<LI>Call Chain = _printf_char_common &rArr; __printf
</UL>
<BR>[Calls]<UL><LI><a href="#[47]">&gt;&gt;</a>&nbsp;&nbsp;&nbsp;__printf
</UL>
<BR>[Called By]<UL><LI><a href="#[44]">&gt;&gt;</a>&nbsp;&nbsp;&nbsp;__2snprintf
</UL>

<P><STRONG><a name="[46]"></a>_sputc</STRONG> (Thumb, 10 bytes, Stack size 0 bytes, _sputc.o(.text))
<BR><BR>[Called By]<UL><LI><a href="#[44]">&gt;&gt;</a>&nbsp;&nbsp;&nbsp;__2snprintf
</UL>

<P><STRONG><a name="[2e]"></a>_snputc</STRONG> (Thumb, 16 bytes, Stack size 0 bytes, _snputc.o(.text))
<BR>[Address Reference Count : 1]<UL><LI> noretval__2snprintf.o(.text)
</UL>
<P><STRONG><a name="[3a]"></a>__user_setup_stackheap</STRONG> (Thumb, 74 bytes, Stack size 8 bytes, sys_stackheap_outer.o(.text))
<BR><BR>[Stack]<UL><LI>Max Depth = 8<LI>Call Chain = __user_setup_stackheap
</UL>
<BR>[Calls]<UL><LI><a href="#[32]">&gt;&gt;</a>&nbsp;&nbsp;&nbsp;__user_initial_stackheap
<LI><a href="#[4a]">&gt;&gt;</a>&nbsp;&nbsp;&nbsp;__user_perproc_libspace
</UL>
<BR>[Called By]<UL><LI><a href="#[39]">&gt;&gt;</a>&nbsp;&nbsp;&nbsp;__rt_entry_sh
</UL>

<P><STRONG><a name="[3f]"></a>exit</STRONG> (Thumb, 18 bytes, Stack size 8 bytes, exit.o(.text))
<BR><BR>[Stack]<UL><LI>Max Depth = 8 + Unknown Stack Size
<LI>Call Chain = exit
</UL>
<BR>[Calls]<UL><LI><a href="#[4b]">&gt;&gt;</a>&nbsp;&nbsp;&nbsp;__rt_exit
</UL>
<BR>[Called By]<UL><LI><a href="#[3d]">&gt;&gt;</a>&nbsp;&nbsp;&nbsp;__rt_entry_main
</UL>

<P><STRONG><a name="[7c]"></a>__user_libspace</STRONG> (Thumb, 8 bytes, Stack size 0 bytes, libspace.o(.text), UNUSED)

<P><STRONG><a name="[4a]"></a>__user_perproc_libspace</STRONG> (Thumb, 0 bytes, Stack size 0 bytes, libspace.o(.text))
<BR><BR>[Called By]<UL><LI><a href="#[3a]">&gt;&gt;</a>&nbsp;&nbsp;&nbsp;__user_setup_stackheap
</UL>

<P><STRONG><a name="[7d]"></a>__user_perthread_libspace</STRONG> (Thumb, 0 bytes, Stack size 0 bytes, libspace.o(.text), UNUSED)

<P><STRONG><a name="[43]"></a>_sys_exit</STRONG> (Thumb, 8 bytes, Stack size 0 bytes, sys_exit.o(.text))
<BR><BR>[Called By]<UL><LI><a href="#[42]">&gt;&gt;</a>&nbsp;&nbsp;&nbsp;__rt_exit_exit
</UL>

<P><STRONG><a name="[7e]"></a>__I$use$semihosting</STRONG> (Thumb, 0 bytes, Stack size 0 bytes, use_no_semi.o(.text), UNUSED)

<P><STRONG><a name="[7f]"></a>__use_no_semihosting_swi</STRONG> (Thumb, 2 bytes, Stack size 0 bytes, use_no_semi.o(.text), UNUSED)

<P><STRONG><a name="[80]"></a>__semihosting_library_function</STRONG> (Thumb, 0 bytes, Stack size unknown bytes, indicate_semi.o(.text), UNUSED)

<P><STRONG><a name="[2c]"></a>SystemInit</STRONG> (Thumb, 32 bytes, Stack size 0 bytes, system_gw1ns4c.o(i.SystemInit))
<BR><BR>[Called By]<UL><LI><a href="#[3e]">&gt;&gt;</a>&nbsp;&nbsp;&nbsp;main
</UL>
<BR>[Address Reference Count : 1]<UL><LI> startup_gw1ns4c.o(.text)
</UL>
<P><STRONG><a name="[4f]"></a>UART_Init</STRONG> (Thumb, 122 bytes, Stack size 8 bytes, gw1ns4c_uart.o(i.UART_Init))
<BR><BR>[Stack]<UL><LI>Max Depth = 8<LI>Call Chain = UART_Init
</UL>
<BR>[Called By]<UL><LI><a href="#[4e]">&gt;&gt;</a>&nbsp;&nbsp;&nbsp;UartInit
</UL>

<P><STRONG><a name="[4d]"></a>UART_SendChar</STRONG> (Thumb, 16 bytes, Stack size 0 bytes, gw1ns4c_uart.o(i.UART_SendChar))
<BR><BR>[Called By]<UL><LI><a href="#[4c]">&gt;&gt;</a>&nbsp;&nbsp;&nbsp;UART_SendString
</UL>

<P><STRONG><a name="[4c]"></a>UART_SendString</STRONG> (Thumb, 28 bytes, Stack size 12 bytes, gw1ns4c_uart.o(i.UART_SendString))
<BR><BR>[Stack]<UL><LI>Max Depth = 12<LI>Call Chain = UART_SendString
</UL>
<BR>[Calls]<UL><LI><a href="#[4d]">&gt;&gt;</a>&nbsp;&nbsp;&nbsp;UART_SendChar
</UL>
<BR>[Called By]<UL><LI><a href="#[3e]">&gt;&gt;</a>&nbsp;&nbsp;&nbsp;main
</UL>

<P><STRONG><a name="[4e]"></a>UartInit</STRONG> (Thumb, 54 bytes, Stack size 16 bytes, main.o(i.UartInit))
<BR><BR>[Stack]<UL><LI>Max Depth = 24<LI>Call Chain = UartInit &rArr; UART_Init
</UL>
<BR>[Calls]<UL><LI><a href="#[4f]">&gt;&gt;</a>&nbsp;&nbsp;&nbsp;UART_Init
</UL>
<BR>[Called By]<UL><LI><a href="#[3e]">&gt;&gt;</a>&nbsp;&nbsp;&nbsp;main
</UL>

<P><STRONG><a name="[51]"></a>delay_ms</STRONG> (Thumb, 30 bytes, Stack size 8 bytes, main.o(i.delay_ms))
<BR><BR>[Stack]<UL><LI>Max Depth = 8<LI>Call Chain = delay_ms
</UL>
<BR>[Called By]<UL><LI><a href="#[3e]">&gt;&gt;</a>&nbsp;&nbsp;&nbsp;main
</UL>

<P><STRONG><a name="[52]"></a>getData</STRONG> (Thumb, 8 bytes, Stack size 0 bytes, ahb_led.o(i.getData))
<BR><BR>[Called By]<UL><LI><a href="#[3e]">&gt;&gt;</a>&nbsp;&nbsp;&nbsp;main
</UL>

<P><STRONG><a name="[3e]"></a>main</STRONG> (Thumb, 102 bytes, Stack size 0 bytes, main.o(i.main))
<BR><BR>[Stack]<UL><LI>Max Depth = 120 + Unknown Stack Size
<LI>Call Chain = main &rArr; __2snprintf &rArr; _printf_char_common &rArr; __printf
</UL>
<BR>[Calls]<UL><LI><a href="#[2c]">&gt;&gt;</a>&nbsp;&nbsp;&nbsp;SystemInit
<LI><a href="#[44]">&gt;&gt;</a>&nbsp;&nbsp;&nbsp;__2snprintf
<LI><a href="#[50]">&gt;&gt;</a>&nbsp;&nbsp;&nbsp;setData
<LI><a href="#[52]">&gt;&gt;</a>&nbsp;&nbsp;&nbsp;getData
<LI><a href="#[51]">&gt;&gt;</a>&nbsp;&nbsp;&nbsp;delay_ms
<LI><a href="#[4e]">&gt;&gt;</a>&nbsp;&nbsp;&nbsp;UartInit
<LI><a href="#[4c]">&gt;&gt;</a>&nbsp;&nbsp;&nbsp;UART_SendString
</UL>
<BR>[Called By]<UL><LI><a href="#[3d]">&gt;&gt;</a>&nbsp;&nbsp;&nbsp;__rt_entry_main
</UL>

<P><STRONG><a name="[50]"></a>setData</STRONG> (Thumb, 12 bytes, Stack size 0 bytes, ahb_led.o(i.setData))
<BR><BR>[Called By]<UL><LI><a href="#[3e]">&gt;&gt;</a>&nbsp;&nbsp;&nbsp;main
</UL>
<P>
<H3>
Local Symbols
</H3>
<P><STRONG><a name="[2f]"></a>_printf_input_char</STRONG> (Thumb, 10 bytes, Stack size 0 bytes, _printf_char_common.o(.text))
<BR>[Address Reference Count : 1]<UL><LI> _printf_char_common.o(.text)
</UL><P>
<H3>
Undefined Global Symbols
</H3><HR></body></html>
